
 Start  Stop   Length Name                   Class
 00000H 04F5FH 04F60H _TEXT                  CODE
 04F60H 061ABH 0124CH _DATA                  DATA
 061B0H 061B0H 00000H CONST                  CONST
 061B0H 065F5H 00446H _BSS                   BSS
 06600H 1023FH 09C40H c_common               BSS
 10240H 1063FH 00400H STACK                  STACK

 Origin   Group
 04F6:0   DGROUP

  Address         Publics by Name

 0000:34F5       TASKEXIT
 0000:34EA       _beginScheduler
 0000:3F60       _biosCh
 0000:0485       _BIOSClock
 0000:3F8B       _biosKey
 0000:3F70       _biosStr
 0000:0C6F       _biosTests
 0000:3123       _breakKey
 0000:348F       _breakKeyTrap
 0000:2FB0       _breakPoint
 0000:3455       _breakPointTrap
 0000:09F3       _breakTrap
 0000:3D8C       _calloc
 0000:33DF       _chainIRQ
 0000:30CE       _clearBIOSTraps
 0000:2D9F       _clearCPUTraps
 0000:2BC1       _clearIdleHook
 0000:33A5       _clearIRQTrap
 0000:23AE       _clockTick
 04F6:10CA       _debugFlags
 04F6:10C6       _debugFunPtr
 0000:0A0E       _debugTask
 0000:07EA       _debugTrap
 0000:208C       _delayTask
 0000:1C4E       _deleteTask
 0000:2747       _deleteTimer
 0000:353F       _disableInts
 0000:296A       _disableProf
 0000:2E41       _divZero
 0000:33FE       _divZeroTrap
 0000:4527       _doPrint
 0000:353D       _enableInts
 0000:28DD       _enableProf
 0000:17E8       _exitScheduler
 0000:31DB       _formatHex
 0000:3C65       _free
 0000:2167       _getIdleSwitches
 0000:213D       _getLockOuts
 0000:4CA8       _getopts
 0000:217C       _getScheduleTime
 0000:471A       _getSemaphore
 0000:2128       _getTaskCount
 0000:1EF6       _getTaskHandle
 0000:2152       _getTaskSwitches
 0000:2317       _getTicks
 0000:234F       _getTimer
 0000:29A4       _idleTaskFun
 0000:46A8       _initSemaphore
 0000:3590       _inp
 0000:359B       _inpw
 0000:21FA       _installTimer
 0000:35A4       _int86
 0000:3541       _lockInts
 0000:1F0F       _lockTask
 0000:3F2F       _longjmp
 0000:0EFA       _main
 04F6:0976       _mainStackSize
 0000:0D7F       _mainTask
 0000:3A35       _malloc
 0000:3E68       _memcmp
 0000:3E16       _memcpy
 0000:3ECB       _memset
 0000:007E       _myDelay
 0000:00BB       _myIdle
 0000:04DF       _myTimer
 0000:3500       _newContext
 0000:1994       _newTask
 0000:253B       _newTimer
 0000:2F35       _nmiInt
 0000:3438       _nmiIntTrap
 0000:2EBB       _oneStep
 0000:341B       _oneStepTrap
 0000:3578       _outp
 0000:3584       _outpw
 0000:302A       _overFlow
 0000:3472       _overFlowTrap
 0000:1247       _panic
 0000:40AD       _printk
 0000:4034       _printkOut
 04F6:16A0       _profBuf
 04F6:0980       _psp
 0000:495D       _putSemaphore
 0000:1831       _quitScheduler
 0000:22A9       _removeTimer
 0000:4E06       _resetopts
 0000:1FB1       _resumeTask
 0000:0ACE       _runTest
 0000:12A8       _schedule
 0000:34B0       _scheduleEntry
 0000:30A4       _setBIOSTraps
 0000:30F1       _setBreakKeyTrap
 0000:2CF6       _setCPUTraps
 0000:3192       _setDebug
 0000:2E25       _setDebuggerTrap
 0000:3638       _setHeapStart
 0000:2A83       _setIdleHook
 0000:32D0       _setIRQTrap
 0000:3F00       _setjmp
 0000:2884       _setPreEmptive
 0000:40F9       _setPrintk
 0000:354F       _setVector
 0000:3FCB       _sprintf
 04F6:B6E0       _stackEnd
 0000:1514       _startScheduler
 0000:264E       _startTimer
 0000:26E4       _stopTimer
 0000:0053       _subTaskFunction
 0000:1F75       _suspendTask
 0000:1BC8       _taskExit
 0000:0101       _taskTests
 0000:185A       _taskTimer
 0000:3917       _tidyHeap
 0000:0549       _timerTests
 0000:2191       _traceTaskStack
 0000:0B64       _trapTests
 0000:3545       _unlockInts
 0000:1F41       _unlockTask
 0000:1DB9       _waitTask
 0000:37E7       _walkFree
 0000:36B5       _walkHeap
 0000:1F56       _yieldTask
 0000:0ED0       __acrtused
 0000:4E22       __aNldiv
 0000:4EBE       __aNlrem

  Address         Publics by Value

 0000:0053       _subTaskFunction
 0000:007E       _myDelay
 0000:00BB       _myIdle
 0000:0101       _taskTests
 0000:0485       _BIOSClock
 0000:04DF       _myTimer
 0000:0549       _timerTests
 0000:07EA       _debugTrap
 0000:09F3       _breakTrap
 0000:0A0E       _debugTask
 0000:0ACE       _runTest
 0000:0B64       _trapTests
 0000:0C6F       _biosTests
 0000:0D7F       _mainTask
 0000:0ED0       __acrtused
 0000:0EFA       _main
 0000:1247       _panic
 0000:12A8       _schedule
 0000:1514       _startScheduler
 0000:17E8       _exitScheduler
 0000:1831       _quitScheduler
 0000:185A       _taskTimer
 0000:1994       _newTask
 0000:1BC8       _taskExit
 0000:1C4E       _deleteTask
 0000:1DB9       _waitTask
 0000:1EF6       _getTaskHandle
 0000:1F0F       _lockTask
 0000:1F41       _unlockTask
 0000:1F56       _yieldTask
 0000:1F75       _suspendTask
 0000:1FB1       _resumeTask
 0000:208C       _delayTask
 0000:2128       _getTaskCount
 0000:213D       _getLockOuts
 0000:2152       _getTaskSwitches
 0000:2167       _getIdleSwitches
 0000:217C       _getScheduleTime
 0000:2191       _traceTaskStack
 0000:21FA       _installTimer
 0000:22A9       _removeTimer
 0000:2317       _getTicks
 0000:234F       _getTimer
 0000:23AE       _clockTick
 0000:253B       _newTimer
 0000:264E       _startTimer
 0000:26E4       _stopTimer
 0000:2747       _deleteTimer
 0000:2884       _setPreEmptive
 0000:28DD       _enableProf
 0000:296A       _disableProf
 0000:29A4       _idleTaskFun
 0000:2A83       _setIdleHook
 0000:2BC1       _clearIdleHook
 0000:2CF6       _setCPUTraps
 0000:2D9F       _clearCPUTraps
 0000:2E25       _setDebuggerTrap
 0000:2E41       _divZero
 0000:2EBB       _oneStep
 0000:2F35       _nmiInt
 0000:2FB0       _breakPoint
 0000:302A       _overFlow
 0000:30A4       _setBIOSTraps
 0000:30CE       _clearBIOSTraps
 0000:30F1       _setBreakKeyTrap
 0000:3123       _breakKey
 0000:3192       _setDebug
 0000:31DB       _formatHex
 0000:32D0       _setIRQTrap
 0000:33A5       _clearIRQTrap
 0000:33DF       _chainIRQ
 0000:33FE       _divZeroTrap
 0000:341B       _oneStepTrap
 0000:3438       _nmiIntTrap
 0000:3455       _breakPointTrap
 0000:3472       _overFlowTrap
 0000:348F       _breakKeyTrap
 0000:34B0       _scheduleEntry
 0000:34EA       _beginScheduler
 0000:34F5       TASKEXIT
 0000:3500       _newContext
 0000:353D       _enableInts
 0000:353F       _disableInts
 0000:3541       _lockInts
 0000:3545       _unlockInts
 0000:354F       _setVector
 0000:3578       _outp
 0000:3584       _outpw
 0000:3590       _inp
 0000:359B       _inpw
 0000:35A4       _int86
 0000:3638       _setHeapStart
 0000:36B5       _walkHeap
 0000:37E7       _walkFree
 0000:3917       _tidyHeap
 0000:3A35       _malloc
 0000:3C65       _free
 0000:3D8C       _calloc
 0000:3E16       _memcpy
 0000:3E68       _memcmp
 0000:3ECB       _memset
 0000:3F00       _setjmp
 0000:3F2F       _longjmp
 0000:3F60       _biosCh
 0000:3F70       _biosStr
 0000:3F8B       _biosKey
 0000:3FCB       _sprintf
 0000:4034       _printkOut
 0000:40AD       _printk
 0000:40F9       _setPrintk
 0000:4527       _doPrint
 0000:46A8       _initSemaphore
 0000:471A       _getSemaphore
 0000:495D       _putSemaphore
 0000:4CA8       _getopts
 0000:4E06       _resetopts
 0000:4E22       __aNldiv
 0000:4EBE       __aNlrem
 04F6:0976       _mainStackSize
 04F6:0980       _psp
 04F6:10C6       _debugFunPtr
 04F6:10CA       _debugFlags
 04F6:16A0       _profBuf
 04F6:B6E0       _stackEnd

Program entry point at 0000:0ED0
