
 Start  Stop   Length Name                   Class
 00000H 05D9FH 05DA0H _TEXT                  CODE
 05DA0H 07ABFH 01D20H _DATA                  DATA
 07AC0H 07AC0H 00000H CONST                  CONST
 07AC0H 07F19H 0045AH _BSS                   BSS
 07F20H 0932FH 01410H c_common               BSS
 09330H 0972FH 00400H STACK                  STACK

 Origin   Group
 05DA:0   DGROUP

  Address         Publics by Name

 0000:2955       TASKEXIT
 05DA:0002       _bd0
 05DA:0004       _bd1
 05DA:0006       _bd80
 05DA:0008       _bd81
 0000:294A       _beginScheduler
 0000:33C0       _biosCh
 0000:33EB       _biosKey
 0000:33D0       _biosStr
 0000:2583       _breakKey
 0000:28EF       _breakKeyTrap
 0000:2410       _breakPoint
 0000:28B5       _breakPointTrap
 05DA:2190       _buffer
 0000:31EC       _calloc
 0000:283F       _chainIRQ
 0000:252E       _clearBIOSTraps
 0000:21FF       _clearCPUTraps
 0000:2021       _clearIdleHook
 0000:2805       _clearIRQTrap
 0000:180E       _clockTick
 0000:4B8C       _closeDevice
 0000:5017       _createBIOSDisk
 05DA:082A       _debugFlags
 05DA:0826       _debugFunPtr
 0000:14EC       _delayTask
 0000:5467       _deleteBIOSDisk
 0000:4AA0       _deleteIOSysDevice
 0000:10AE       _deleteTask
 0000:1BA7       _deleteTimer
 0000:299F       _disableInts
 0000:1DCA       _disableProf
 0000:22A1       _divZero
 0000:285E       _divZeroTrap
 0000:299D       _enableInts
 0000:1D3D       _enableProf
 0000:0C48       _exitScheduler
 0000:263B       _formatHex
 0000:30C5       _free
 0000:4E46       _getDeviceData
 0000:4E0F       _getDeviceType
 0000:15C7       _getIdleSwitches
 0000:159D       _getLockOuts
 0000:46FC       _getopts
 0000:15DC       _getScheduleTime
 0000:416E       _getSemaphore
 0000:1588       _getTaskCount
 0000:1356       _getTaskHandle
 0000:15B2       _getTaskSwitches
 0000:1777       _getTicks
 0000:17AF       _getTimer
 0000:0000       _idleFun
 0000:1E04       _idleTaskFun
 0000:40FC       _initSemaphore
 0000:29F0       _inp
 0000:29FB       _inpw
 0000:4EA0       _installBIOSDisk
 0000:165A       _installTimer
 0000:2A04       _int86
 0000:4D6F       _ioctlDevice
 0000:29A1       _lockInts
 0000:136F       _lockTask
 0000:338F       _longjmp
 0000:035A       _main
 05DA:0000       _mainStackSize
 0000:019D       _mainTask
 0000:2E95       _malloc
 0000:32C8       _memcmp
 0000:3276       _memcpy
 0000:332B       _memset
 0000:2960       _newContext
 0000:49B4       _newIOSysDevice
 0000:0DF4       _newTask
 0000:199B       _newTimer
 0000:2395       _nmiInt
 0000:2898       _nmiIntTrap
 0000:231B       _oneStep
 0000:287B       _oneStepTrap
 0000:4AEF       _openDevice
 0000:29D8       _outp
 0000:29E4       _outpw
 0000:248A       _overFlow
 0000:28D2       _overFlowTrap
 0000:06A7       _panic
 0000:400A       _printk
 05DA:00E0       _psp
 0000:43B1       _putSemaphore
 0000:0C91       _quitScheduler
 0000:4C23       _readDevice
 0000:0036       _readTask
 0000:4F8A       _removeBIOSDisk
 0000:1709       _removeTimer
 0000:485A       _resetopts
 0000:1411       _resumeTask
 0000:0708       _schedule
 0000:2910       _scheduleEntry
 0000:2504       _setBIOSTraps
 0000:2551       _setBreakKeyTrap
 0000:2156       _setCPUTraps
 0000:25F2       _setDebug
 0000:2285       _setDebuggerTrap
 0000:2A98       _setHeapStart
 0000:1EE3       _setIdleHook
 0000:2730       _setIRQTrap
 0000:3360       _setjmp
 0000:1CE4       _setPreEmptive
 0000:40BA       _setPrintk
 0000:29AF       _setVector
 05DA:2180       _sigSem
 0000:3EA9       _sprintf
 05DA:3990       _stackEnd
 0000:0974       _startScheduler
 0000:1AAE       _startTimer
 0000:1B44       _stopTimer
 0000:13D5       _suspendTask
 0000:1028       _taskExit
 0000:0CBA       _taskTimer
 05DA:09A6       _textDrv
 0000:2D77       _tidyHeap
 0000:15F1       _traceTaskStack
 0000:29A5       _unlockInts
 0000:13A1       _unlockTask
 0000:1219       _waitTask
 0000:2C47       _walkFree
 0000:2B15       _walkHeap
 0000:4CC9       _writeDevice
 0000:13B6       _yieldTask
 0000:0330       __acrtused
 0000:4876       __aNldiv
 0000:5D6C       __aNlmul
 0000:4912       __aNlrem
 0000:5D6C       __aNulmul

  Address         Publics by Value

 0000:0000       _idleFun
 0000:0036       _readTask
 0000:019D       _mainTask
 0000:0330       __acrtused
 0000:035A       _main
 0000:06A7       _panic
 0000:0708       _schedule
 0000:0974       _startScheduler
 0000:0C48       _exitScheduler
 0000:0C91       _quitScheduler
 0000:0CBA       _taskTimer
 0000:0DF4       _newTask
 0000:1028       _taskExit
 0000:10AE       _deleteTask
 0000:1219       _waitTask
 0000:1356       _getTaskHandle
 0000:136F       _lockTask
 0000:13A1       _unlockTask
 0000:13B6       _yieldTask
 0000:13D5       _suspendTask
 0000:1411       _resumeTask
 0000:14EC       _delayTask
 0000:1588       _getTaskCount
 0000:159D       _getLockOuts
 0000:15B2       _getTaskSwitches
 0000:15C7       _getIdleSwitches
 0000:15DC       _getScheduleTime
 0000:15F1       _traceTaskStack
 0000:165A       _installTimer
 0000:1709       _removeTimer
 0000:1777       _getTicks
 0000:17AF       _getTimer
 0000:180E       _clockTick
 0000:199B       _newTimer
 0000:1AAE       _startTimer
 0000:1B44       _stopTimer
 0000:1BA7       _deleteTimer
 0000:1CE4       _setPreEmptive
 0000:1D3D       _enableProf
 0000:1DCA       _disableProf
 0000:1E04       _idleTaskFun
 0000:1EE3       _setIdleHook
 0000:2021       _clearIdleHook
 0000:2156       _setCPUTraps
 0000:21FF       _clearCPUTraps
 0000:2285       _setDebuggerTrap
 0000:22A1       _divZero
 0000:231B       _oneStep
 0000:2395       _nmiInt
 0000:2410       _breakPoint
 0000:248A       _overFlow
 0000:2504       _setBIOSTraps
 0000:252E       _clearBIOSTraps
 0000:2551       _setBreakKeyTrap
 0000:2583       _breakKey
 0000:25F2       _setDebug
 0000:263B       _formatHex
 0000:2730       _setIRQTrap
 0000:2805       _clearIRQTrap
 0000:283F       _chainIRQ
 0000:285E       _divZeroTrap
 0000:287B       _oneStepTrap
 0000:2898       _nmiIntTrap
 0000:28B5       _breakPointTrap
 0000:28D2       _overFlowTrap
 0000:28EF       _breakKeyTrap
 0000:2910       _scheduleEntry
 0000:294A       _beginScheduler
 0000:2955       TASKEXIT
 0000:2960       _newContext
 0000:299D       _enableInts
 0000:299F       _disableInts
 0000:29A1       _lockInts
 0000:29A5       _unlockInts
 0000:29AF       _setVector
 0000:29D8       _outp
 0000:29E4       _outpw
 0000:29F0       _inp
 0000:29FB       _inpw
 0000:2A04       _int86
 0000:2A98       _setHeapStart
 0000:2B15       _walkHeap
 0000:2C47       _walkFree
 0000:2D77       _tidyHeap
 0000:2E95       _malloc
 0000:30C5       _free
 0000:31EC       _calloc
 0000:3276       _memcpy
 0000:32C8       _memcmp
 0000:332B       _memset
 0000:3360       _setjmp
 0000:338F       _longjmp
 0000:33C0       _biosCh
 0000:33D0       _biosStr
 0000:33EB       _biosKey
 0000:3EA9       _sprintf
 0000:400A       _printk
 0000:40BA       _setPrintk
 0000:40FC       _initSemaphore
 0000:416E       _getSemaphore
 0000:43B1       _putSemaphore
 0000:46FC       _getopts
 0000:485A       _resetopts
 0000:4876       __aNldiv
 0000:4912       __aNlrem
 0000:49B4       _newIOSysDevice
 0000:4AA0       _deleteIOSysDevice
 0000:4AEF       _openDevice
 0000:4B8C       _closeDevice
 0000:4C23       _readDevice
 0000:4CC9       _writeDevice
 0000:4D6F       _ioctlDevice
 0000:4E0F       _getDeviceType
 0000:4E46       _getDeviceData
 0000:4EA0       _installBIOSDisk
 0000:4F8A       _removeBIOSDisk
 0000:5017       _createBIOSDisk
 0000:5467       _deleteBIOSDisk
 0000:5D6C       __aNulmul
 0000:5D6C       __aNlmul
 05DA:0000       _mainStackSize
 05DA:0002       _bd0
 05DA:0004       _bd1
 05DA:0006       _bd80
 05DA:0008       _bd81
 05DA:00E0       _psp
 05DA:0826       _debugFunPtr
 05DA:082A       _debugFlags
 05DA:09A6       _textDrv
 05DA:2180       _sigSem
 05DA:2190       _buffer
 05DA:3990       _stackEnd

Program entry point at 0000:0330
