
 Start  Stop   Length Name                   Class
 00000H 0610FH 06110H _TEXT                  CODE
 06110H 07AA0H 01991H _DATA                  DATA
 07AB0H 07AB0H 00000H CONST                  CONST
 07AB0H 07F05H 00456H _BSS                   BSS
 07F10H 07F1FH 00010H c_common               BSS
 07F20H 0831FH 00400H STACK                  STACK

 Origin   Group
 0611:0   DGROUP

  Address         Publics by Name

 0000:2885       TASKEXIT
 0000:287A       _beginScheduler
 0000:32F0       _biosCh
 0000:331B       _biosKey
 0000:3300       _biosStr
 0000:24B3       _breakKey
 0000:281F       _breakKeyTrap
 0000:2340       _breakPoint
 0000:27E5       _breakPointTrap
 0000:311C       _calloc
 0000:276F       _chainIRQ
 0000:5426       _checkInt15
 0000:245E       _clearBIOSTraps
 0000:212F       _clearCPUTraps
 0000:1F51       _clearIdleHook
 0000:2735       _clearIRQTrap
 0000:173E       _clockTick
 0000:4ABC       _closeDevice
 0000:0000       _consoleHi
 0000:54ED       _createConsole
 0611:07EA       _debugFlags
 0611:07E6       _debugFunPtr
 0000:141C       _delayTask
 0000:56B9       _deleteConsole
 0000:49D0       _deleteIOSysDevice
 0000:0FDE       _deleteTask
 0000:1AD7       _deleteTimer
 0000:28CF       _disableInts
 0000:1CFA       _disableProf
 0000:21D1       _divZero
 0000:278E       _divZeroTrap
 0000:28CD       _enableInts
 0000:1C6D       _enableProf
 0000:0B78       _exitScheduler
 0000:256B       _formatHex
 0000:2FF5       _free
 0000:4D76       _getDeviceData
 0000:4D3F       _getDeviceType
 0000:14F7       _getIdleSwitches
 0000:14CD       _getLockOuts
 0000:462C       _getopts
 0000:150C       _getScheduleTime
 0000:409E       _getSemaphore
 0000:14B8       _getTaskCount
 0000:1286       _getTaskHandle
 0000:14E2       _getTaskSwitches
 0000:16A7       _getTicks
 0000:16DF       _getTimer
 0000:00C0       _idleHook
 0000:1D34       _idleTaskFun
 0000:402C       _initSemaphore
 0000:2920       _inp
 0000:292B       _inpw
 0000:542C       _installConsole
 0000:53E6       _installInt15
 0000:158A       _installTimer
 0000:2934       _int86
 0000:4C9F       _ioctlDevice
 0000:28D1       _lockInts
 0000:129F       _lockTask
 0000:32BF       _longjmp
 0000:028A       _main
 0611:0026       _mainStackSize
 0000:00F8       _mainTask
 0000:2DC5       _malloc
 0000:31F8       _memcmp
 0000:31A6       _memcpy
 0000:325B       _memset
 0000:2890       _newContext
 0000:48E4       _newIOSysDevice
 0000:0D24       _newTask
 0000:18CB       _newTimer
 0000:22C5       _nmiInt
 0000:27C8       _nmiIntTrap
 0000:224B       _oneStep
 0000:27AB       _oneStepTrap
 0000:4A1F       _openDevice
 0000:2908       _outp
 0000:2914       _outpw
 0000:23BA       _overFlow
 0000:2802       _overFlowTrap
 0000:05D7       _panic
 0000:3F3A       _printk
 0611:00A0       _psp
 0000:42E1       _putSemaphore
 0000:0BC1       _quitScheduler
 0000:4B53       _readDevice
 0000:5780       _removeConsole
 0000:5409       _removeInt15
 0000:1639       _removeTimer
 0000:478A       _resetopts
 0000:1341       _resumeTask
 0000:0638       _schedule
 0000:2840       _scheduleEntry
 0000:4DD0       _select
 0000:2434       _setBIOSTraps
 0000:2481       _setBreakKeyTrap
 0000:2086       _setCPUTraps
 0000:2522       _setDebug
 0000:21B5       _setDebuggerTrap
 0000:29C8       _setHeapStart
 0000:1E13       _setIdleHook
 0000:2660       _setIRQTrap
 0000:3290       _setjmp
 0000:1C14       _setPreEmptive
 0000:3FEA       _setPrintk
 0000:28DF       _setVector
 0611:1E00       _sigSem
 0000:3DD9       _sprintf
 0611:2210       _stackEnd
 0000:08A4       _startScheduler
 0000:19DE       _startTimer
 0000:1A74       _stopTimer
 0000:1305       _suspendTask
 0000:0F58       _taskExit
 0000:0BEA       _taskTimer
 0611:0966       _textDrv
 0000:2CA7       _tidyHeap
 0000:1521       _traceTaskStack
 0000:28D5       _unlockInts
 0000:12D1       _unlockTask
 0000:1149       _waitTask
 0000:2B77       _walkFree
 0000:2A45       _walkHeap
 0000:4BF9       _writeDevice
 0000:12E6       _yieldTask
 0000:0260       __acrtused
 0000:47A6       __aNldiv
 0000:4842       __aNlrem

  Address         Publics by Value

 0000:0000       _consoleHi
 0000:00C0       _idleHook
 0000:00F8       _mainTask
 0000:0260       __acrtused
 0000:028A       _main
 0000:05D7       _panic
 0000:0638       _schedule
 0000:08A4       _startScheduler
 0000:0B78       _exitScheduler
 0000:0BC1       _quitScheduler
 0000:0BEA       _taskTimer
 0000:0D24       _newTask
 0000:0F58       _taskExit
 0000:0FDE       _deleteTask
 0000:1149       _waitTask
 0000:1286       _getTaskHandle
 0000:129F       _lockTask
 0000:12D1       _unlockTask
 0000:12E6       _yieldTask
 0000:1305       _suspendTask
 0000:1341       _resumeTask
 0000:141C       _delayTask
 0000:14B8       _getTaskCount
 0000:14CD       _getLockOuts
 0000:14E2       _getTaskSwitches
 0000:14F7       _getIdleSwitches
 0000:150C       _getScheduleTime
 0000:1521       _traceTaskStack
 0000:158A       _installTimer
 0000:1639       _removeTimer
 0000:16A7       _getTicks
 0000:16DF       _getTimer
 0000:173E       _clockTick
 0000:18CB       _newTimer
 0000:19DE       _startTimer
 0000:1A74       _stopTimer
 0000:1AD7       _deleteTimer
 0000:1C14       _setPreEmptive
 0000:1C6D       _enableProf
 0000:1CFA       _disableProf
 0000:1D34       _idleTaskFun
 0000:1E13       _setIdleHook
 0000:1F51       _clearIdleHook
 0000:2086       _setCPUTraps
 0000:212F       _clearCPUTraps
 0000:21B5       _setDebuggerTrap
 0000:21D1       _divZero
 0000:224B       _oneStep
 0000:22C5       _nmiInt
 0000:2340       _breakPoint
 0000:23BA       _overFlow
 0000:2434       _setBIOSTraps
 0000:245E       _clearBIOSTraps
 0000:2481       _setBreakKeyTrap
 0000:24B3       _breakKey
 0000:2522       _setDebug
 0000:256B       _formatHex
 0000:2660       _setIRQTrap
 0000:2735       _clearIRQTrap
 0000:276F       _chainIRQ
 0000:278E       _divZeroTrap
 0000:27AB       _oneStepTrap
 0000:27C8       _nmiIntTrap
 0000:27E5       _breakPointTrap
 0000:2802       _overFlowTrap
 0000:281F       _breakKeyTrap
 0000:2840       _scheduleEntry
 0000:287A       _beginScheduler
 0000:2885       TASKEXIT
 0000:2890       _newContext
 0000:28CD       _enableInts
 0000:28CF       _disableInts
 0000:28D1       _lockInts
 0000:28D5       _unlockInts
 0000:28DF       _setVector
 0000:2908       _outp
 0000:2914       _outpw
 0000:2920       _inp
 0000:292B       _inpw
 0000:2934       _int86
 0000:29C8       _setHeapStart
 0000:2A45       _walkHeap
 0000:2B77       _walkFree
 0000:2CA7       _tidyHeap
 0000:2DC5       _malloc
 0000:2FF5       _free
 0000:311C       _calloc
 0000:31A6       _memcpy
 0000:31F8       _memcmp
 0000:325B       _memset
 0000:3290       _setjmp
 0000:32BF       _longjmp
 0000:32F0       _biosCh
 0000:3300       _biosStr
 0000:331B       _biosKey
 0000:3DD9       _sprintf
 0000:3F3A       _printk
 0000:3FEA       _setPrintk
 0000:402C       _initSemaphore
 0000:409E       _getSemaphore
 0000:42E1       _putSemaphore
 0000:462C       _getopts
 0000:478A       _resetopts
 0000:47A6       __aNldiv
 0000:4842       __aNlrem
 0000:48E4       _newIOSysDevice
 0000:49D0       _deleteIOSysDevice
 0000:4A1F       _openDevice
 0000:4ABC       _closeDevice
 0000:4B53       _readDevice
 0000:4BF9       _writeDevice
 0000:4C9F       _ioctlDevice
 0000:4D3F       _getDeviceType
 0000:4D76       _getDeviceData
 0000:4DD0       _select
 0000:53E6       _installInt15
 0000:5409       _removeInt15
 0000:5426       _checkInt15
 0000:542C       _installConsole
 0000:54ED       _createConsole
 0000:56B9       _deleteConsole
 0000:5780       _removeConsole
 0611:0026       _mainStackSize
 0611:00A0       _psp
 0611:07E6       _debugFunPtr
 0611:07EA       _debugFlags
 0611:0966       _textDrv
 0611:1E00       _sigSem
 0611:2210       _stackEnd

Program entry point at 0000:0260
