
 Start  Stop   Length Name                   Class
 00000H 049D7H 049D8H _TEXT                  CODE
 049E0H 05431H 00A52H _DATA                  DATA
 05440H 05440H 00000H CONST                  CONST
 05440H 05885H 00446H _BSS                   BSS
 05890H 05C8FH 00400H STACK                  STACK

 Origin   Group
 049E:0   DGROUP

  Address         Publics by Name

 0000:2945       TASKEXIT
 0000:293A       _beginScheduler
 0000:33B0       _biosCh
 0000:33DB       _biosKey
 0000:33C0       _biosStr
 0000:2573       _breakKey
 0000:28DF       _breakKeyTrap
 0000:2400       _breakPoint
 0000:28A5       _breakPointTrap
 0000:31DC       _calloc
 0000:282F       _chainIRQ
 0000:251E       _clearBIOSTraps
 0000:21EF       _clearCPUTraps
 0000:2011       _clearIdleHook
 0000:27F5       _clearIRQTrap
 0000:17FE       _clockTick
 049E:07AA       _debugFlags
 049E:07A6       _debugFunPtr
 0000:14DC       _delayTask
 0000:109E       _deleteTask
 0000:1B97       _deleteTimer
 0000:298F       _disableInts
 0000:1DBA       _disableProf
 0000:2291       _divZero
 0000:284E       _divZeroTrap
 0000:298D       _enableInts
 0000:1D2D       _enableProf
 0000:0C38       _exitScheduler
 0000:262B       _formatHex
 0000:30B5       _free
 0000:15B7       _getIdleSwitches
 0000:158D       _getLockOuts
 0000:46EC       _getopts
 0000:15CC       _getScheduleTime
 0000:415E       _getSemaphore
 0000:1578       _getTaskCount
 0000:1346       _getTaskHandle
 0000:15A2       _getTaskSwitches
 0000:1767       _getTicks
 0000:179F       _getTimer
 0000:0000       _idleFun
 0000:1DF4       _idleTaskFun
 0000:40EC       _initSemaphore
 0000:29E0       _inp
 0000:29EB       _inpw
 0000:164A       _installTimer
 0000:29F4       _int86
 0000:2991       _lockInts
 0000:135F       _lockTask
 0000:337F       _longjmp
 0000:034A       _main
 049E:004E       _mainStackSize
 0000:020C       _mainTask
 0000:2E85       _malloc
 0000:32B8       _memcmp
 0000:3266       _memcpy
 0000:331B       _memset
 0000:2950       _newContext
 0000:0DE4       _newTask
 0000:198B       _newTimer
 0000:2385       _nmiInt
 0000:2888       _nmiIntTrap
 0000:230B       _oneStep
 0000:286B       _oneStepTrap
 0000:29C8       _outp
 0000:29D4       _outpw
 0000:247A       _overFlow
 0000:28C2       _overFlowTrap
 0000:0697       _panic
 0000:3FFA       _printk
 049E:0060       _psp
 0000:43A1       _putSemaphore
 0000:0C81       _quitScheduler
 0000:02F6       _rand
 0000:16F9       _removeTimer
 0000:484A       _resetopts
 0000:1401       _resumeTask
 0000:06F8       _schedule
 0000:2900       _scheduleEntry
 0000:24F4       _setBIOSTraps
 0000:2541       _setBreakKeyTrap
 0000:2146       _setCPUTraps
 0000:25E2       _setDebug
 0000:2275       _setDebuggerTrap
 0000:2A88       _setHeapStart
 0000:1ED3       _setIdleHook
 0000:2720       _setIRQTrap
 0000:3350       _setjmp
 0000:1CD4       _setPreEmptive
 0000:40AA       _setPrintk
 0000:299F       _setVector
 0000:3E99       _sprintf
 0000:02E4       _srand
 049E:12B0       _stackEnd
 0000:0964       _startScheduler
 0000:1A9E       _startTimer
 0000:1B34       _stopTimer
 0000:13C5       _suspendTask
 0000:1018       _taskExit
 0000:0CAA       _taskTimer
 049E:0926       _textDrv
 0000:2D67       _tidyHeap
 0000:15E1       _traceTaskStack
 0000:2995       _unlockInts
 0000:1391       _unlockTask
 0000:1209       _waitTask
 0000:2C37       _walkFree
 0000:2B05       _walkHeap
 0000:13A6       _yieldTask
 0000:0320       __acrtused
 0000:4866       __aNldiv
 0000:4902       __aNlmul
 0000:4936       __aNlrem
 0000:4902       __aNulmul

  Address         Publics by Value

 0000:0000       _idleFun
 0000:020C       _mainTask
 0000:02E4       _srand
 0000:02F6       _rand
 0000:0320       __acrtused
 0000:034A       _main
 0000:0697       _panic
 0000:06F8       _schedule
 0000:0964       _startScheduler
 0000:0C38       _exitScheduler
 0000:0C81       _quitScheduler
 0000:0CAA       _taskTimer
 0000:0DE4       _newTask
 0000:1018       _taskExit
 0000:109E       _deleteTask
 0000:1209       _waitTask
 0000:1346       _getTaskHandle
 0000:135F       _lockTask
 0000:1391       _unlockTask
 0000:13A6       _yieldTask
 0000:13C5       _suspendTask
 0000:1401       _resumeTask
 0000:14DC       _delayTask
 0000:1578       _getTaskCount
 0000:158D       _getLockOuts
 0000:15A2       _getTaskSwitches
 0000:15B7       _getIdleSwitches
 0000:15CC       _getScheduleTime
 0000:15E1       _traceTaskStack
 0000:164A       _installTimer
 0000:16F9       _removeTimer
 0000:1767       _getTicks
 0000:179F       _getTimer
 0000:17FE       _clockTick
 0000:198B       _newTimer
 0000:1A9E       _startTimer
 0000:1B34       _stopTimer
 0000:1B97       _deleteTimer
 0000:1CD4       _setPreEmptive
 0000:1D2D       _enableProf
 0000:1DBA       _disableProf
 0000:1DF4       _idleTaskFun
 0000:1ED3       _setIdleHook
 0000:2011       _clearIdleHook
 0000:2146       _setCPUTraps
 0000:21EF       _clearCPUTraps
 0000:2275       _setDebuggerTrap
 0000:2291       _divZero
 0000:230B       _oneStep
 0000:2385       _nmiInt
 0000:2400       _breakPoint
 0000:247A       _overFlow
 0000:24F4       _setBIOSTraps
 0000:251E       _clearBIOSTraps
 0000:2541       _setBreakKeyTrap
 0000:2573       _breakKey
 0000:25E2       _setDebug
 0000:262B       _formatHex
 0000:2720       _setIRQTrap
 0000:27F5       _clearIRQTrap
 0000:282F       _chainIRQ
 0000:284E       _divZeroTrap
 0000:286B       _oneStepTrap
 0000:2888       _nmiIntTrap
 0000:28A5       _breakPointTrap
 0000:28C2       _overFlowTrap
 0000:28DF       _breakKeyTrap
 0000:2900       _scheduleEntry
 0000:293A       _beginScheduler
 0000:2945       TASKEXIT
 0000:2950       _newContext
 0000:298D       _enableInts
 0000:298F       _disableInts
 0000:2991       _lockInts
 0000:2995       _unlockInts
 0000:299F       _setVector
 0000:29C8       _outp
 0000:29D4       _outpw
 0000:29E0       _inp
 0000:29EB       _inpw
 0000:29F4       _int86
 0000:2A88       _setHeapStart
 0000:2B05       _walkHeap
 0000:2C37       _walkFree
 0000:2D67       _tidyHeap
 0000:2E85       _malloc
 0000:30B5       _free
 0000:31DC       _calloc
 0000:3266       _memcpy
 0000:32B8       _memcmp
 0000:331B       _memset
 0000:3350       _setjmp
 0000:337F       _longjmp
 0000:33B0       _biosCh
 0000:33C0       _biosStr
 0000:33DB       _biosKey
 0000:3E99       _sprintf
 0000:3FFA       _printk
 0000:40AA       _setPrintk
 0000:40EC       _initSemaphore
 0000:415E       _getSemaphore
 0000:43A1       _putSemaphore
 0000:46EC       _getopts
 0000:484A       _resetopts
 0000:4866       __aNldiv
 0000:4902       __aNlmul
 0000:4902       __aNulmul
 0000:4936       __aNlrem
 049E:004E       _mainStackSize
 049E:0060       _psp
 049E:07A6       _debugFunPtr
 049E:07AA       _debugFlags
 049E:0926       _textDrv
 049E:12B0       _stackEnd

Program entry point at 0000:0320
