
 Start  Stop   Length Name                   Class
 00000H 05219H 0521AH _TEXT                  CODE
 05220H 06382H 01163H _DATA                  DATA
 06390H 06390H 00000H CONST                  CONST
 06390H 06815H 00486H _BSS                   BSS
 06820H 06C1FH 00400H STACK                  STACK

 Origin   Group
 0522:0   DGROUP

  Address         Publics by Name

 0000:28B5       TASKEXIT
 0000:28AA       _beginScheduler
 0000:3320       _biosCh
 0000:334B       _biosKey
 0000:3330       _biosStr
 0000:24E3       _breakKey
 0000:284F       _breakKeyTrap
 0000:2370       _breakPoint
 0000:2815       _breakPointTrap
 0000:314C       _calloc
 0000:279F       _chainIRQ
 0000:248E       _clearBIOSTraps
 0000:215F       _clearCPUTraps
 0000:1F81       _clearIdleHook
 0000:2765       _clearIRQTrap
 0000:0021       _clockTask
 0000:176E       _clockTick
 0000:0000       _clockTimer
 0522:075A       _debugFlags
 0522:0756       _debugFunPtr
 0000:144C       _delayTask
 0000:100E       _deleteTask
 0000:1B07       _deleteTimer
 0000:28FF       _disableInts
 0000:1D2A       _disableProf
 0000:2201       _divZero
 0000:27BE       _divZeroTrap
 0000:28FD       _enableInts
 0000:1C9D       _enableProf
 0000:0BA8       _exitScheduler
 0000:259B       _formatHex
 0000:3025       _free
 0000:1527       _getIdleSwitches
 0000:14FD       _getLockOuts
 0000:3F50       _getopts
 0000:153C       _getScheduleTime
 0000:39C2       _getSemaphore
 0000:14E8       _getTaskCount
 0000:12B6       _getTaskHandle
 0000:1512       _getTaskSwitches
 0000:16D7       _getTicks
 0000:170F       _getTimer
 0000:1D64       _idleTaskFun
 0000:3950       _initSemaphore
 0000:2950       _inp
 0000:295B       _inpw
 0000:15BA       _installTimer
 0000:2964       _int86
 0000:2901       _lockInts
 0000:12CF       _lockTask
 0000:32EF       _longjmp
 0000:02BA       _main
 0522:0000       _mainStackSize
 0000:01A9       _mainTask
 0000:2DF5       _malloc
 0000:3228       _memcmp
 0000:31D6       _memcpy
 0000:328B       _memset
 0000:00FD       _myIdle
 0000:28C0       _newContext
 0000:0D54       _newTask
 0000:18FB       _newTimer
 0000:22F5       _nmiInt
 0000:27F8       _nmiIntTrap
 0000:227B       _oneStep
 0000:27DB       _oneStepTrap
 0000:2938       _outp
 0000:2944       _outpw
 0000:23EA       _overFlow
 0000:2832       _overFlowTrap
 0000:0607       _panic
 0000:385E       _printk
 0522:0010       _psp
 0000:3C05       _putSemaphore
 0000:0BF1       _quitScheduler
 0000:1669       _removeTimer
 0000:40AE       _resetopts
 0000:1371       _resumeTask
 0000:0668       _schedule
 0000:2870       _scheduleEntry
 0000:2464       _setBIOSTraps
 0000:24B1       _setBreakKeyTrap
 0000:20B6       _setCPUTraps
 0000:51B0       _setDACregister
 0000:51DF       _setDACregisters
 0000:2552       _setDebug
 0000:21E5       _setDebuggerTrap
 0000:29F8       _setHeapStart
 0000:1E43       _setIdleHook
 0000:2690       _setIRQTrap
 0000:32C0       _setjmp
 0000:1C44       _setPreEmptive
 0000:390E       _setPrintk
 0000:290F       _setVector
 0000:36FD       _sprintf
 0522:1A00       _stackEnd
 0000:08D4       _startScheduler
 0000:1A0E       _startTimer
 0000:1AA4       _stopTimer
 0000:1335       _suspendTask
 0000:0F88       _taskExit
 0000:0C1A       _taskTimer
 0000:2CD7       _tidyHeap
 0000:1551       _traceTaskStack
 0000:2905       _unlockInts
 0000:1301       _unlockTask
 0522:1118       _vm18drv
 0000:1179       _waitTask
 0000:2BA7       _walkFree
 0000:2A75       _walkHeap
 0000:1316       _yieldTask
 0000:0290       __acrtused
 0000:40CA       __aNldiv
 0000:4166       __aNlrem

  Address         Publics by Value

 0000:0000       _clockTimer
 0000:0021       _clockTask
 0000:00FD       _myIdle
 0000:01A9       _mainTask
 0000:0290       __acrtused
 0000:02BA       _main
 0000:0607       _panic
 0000:0668       _schedule
 0000:08D4       _startScheduler
 0000:0BA8       _exitScheduler
 0000:0BF1       _quitScheduler
 0000:0C1A       _taskTimer
 0000:0D54       _newTask
 0000:0F88       _taskExit
 0000:100E       _deleteTask
 0000:1179       _waitTask
 0000:12B6       _getTaskHandle
 0000:12CF       _lockTask
 0000:1301       _unlockTask
 0000:1316       _yieldTask
 0000:1335       _suspendTask
 0000:1371       _resumeTask
 0000:144C       _delayTask
 0000:14E8       _getTaskCount
 0000:14FD       _getLockOuts
 0000:1512       _getTaskSwitches
 0000:1527       _getIdleSwitches
 0000:153C       _getScheduleTime
 0000:1551       _traceTaskStack
 0000:15BA       _installTimer
 0000:1669       _removeTimer
 0000:16D7       _getTicks
 0000:170F       _getTimer
 0000:176E       _clockTick
 0000:18FB       _newTimer
 0000:1A0E       _startTimer
 0000:1AA4       _stopTimer
 0000:1B07       _deleteTimer
 0000:1C44       _setPreEmptive
 0000:1C9D       _enableProf
 0000:1D2A       _disableProf
 0000:1D64       _idleTaskFun
 0000:1E43       _setIdleHook
 0000:1F81       _clearIdleHook
 0000:20B6       _setCPUTraps
 0000:215F       _clearCPUTraps
 0000:21E5       _setDebuggerTrap
 0000:2201       _divZero
 0000:227B       _oneStep
 0000:22F5       _nmiInt
 0000:2370       _breakPoint
 0000:23EA       _overFlow
 0000:2464       _setBIOSTraps
 0000:248E       _clearBIOSTraps
 0000:24B1       _setBreakKeyTrap
 0000:24E3       _breakKey
 0000:2552       _setDebug
 0000:259B       _formatHex
 0000:2690       _setIRQTrap
 0000:2765       _clearIRQTrap
 0000:279F       _chainIRQ
 0000:27BE       _divZeroTrap
 0000:27DB       _oneStepTrap
 0000:27F8       _nmiIntTrap
 0000:2815       _breakPointTrap
 0000:2832       _overFlowTrap
 0000:284F       _breakKeyTrap
 0000:2870       _scheduleEntry
 0000:28AA       _beginScheduler
 0000:28B5       TASKEXIT
 0000:28C0       _newContext
 0000:28FD       _enableInts
 0000:28FF       _disableInts
 0000:2901       _lockInts
 0000:2905       _unlockInts
 0000:290F       _setVector
 0000:2938       _outp
 0000:2944       _outpw
 0000:2950       _inp
 0000:295B       _inpw
 0000:2964       _int86
 0000:29F8       _setHeapStart
 0000:2A75       _walkHeap
 0000:2BA7       _walkFree
 0000:2CD7       _tidyHeap
 0000:2DF5       _malloc
 0000:3025       _free
 0000:314C       _calloc
 0000:31D6       _memcpy
 0000:3228       _memcmp
 0000:328B       _memset
 0000:32C0       _setjmp
 0000:32EF       _longjmp
 0000:3320       _biosCh
 0000:3330       _biosStr
 0000:334B       _biosKey
 0000:36FD       _sprintf
 0000:385E       _printk
 0000:390E       _setPrintk
 0000:3950       _initSemaphore
 0000:39C2       _getSemaphore
 0000:3C05       _putSemaphore
 0000:3F50       _getopts
 0000:40AE       _resetopts
 0000:40CA       __aNldiv
 0000:4166       __aNlrem
 0000:51B0       _setDACregister
 0000:51DF       _setDACregisters
 0522:0000       _mainStackSize
 0522:0010       _psp
 0522:0756       _debugFunPtr
 0522:075A       _debugFlags
 0522:1118       _vm18drv
 0522:1A00       _stackEnd

Program entry point at 0000:0290
