
 Start  Stop   Length Name                   Class
 00000H 07BE9H 07BEAH _TEXT                  CODE
 07BF0H 09A4FH 01E60H _DATA                  DATA
 09A50H 09A50H 00000H CONST                  CONST
 09A50H 09EABH 0045CH _BSS                   BSS
 09EB0H 0A2AFH 00400H STACK                  STACK

 Origin   Group
 07BF:0   DGROUP

  Address         Publics by Name

 0000:29A5       TASKEXIT
 0000:299A       _beginScheduler
 0000:3410       _biosCh
 0000:343B       _biosKey
 0000:3420       _biosStr
 0000:25D3       _breakKey
 0000:293F       _breakKeyTrap
 0000:2460       _breakPoint
 0000:2905       _breakPointTrap
 0000:323C       _calloc
 0000:288F       _chainIRQ
 0000:5546       _checkInt15
 0000:257E       _clearBIOSTraps
 0000:224F       _clearCPUTraps
 0000:2071       _clearIdleHook
 0000:2855       _clearIRQTrap
 0000:185E       _clockTick
 0000:4BDC       _closeDevice
 0000:560D       _createConsole
 0000:709E       _createMouse
 0000:6310       _createSerial
 07BF:087A       _debugFlags
 07BF:0876       _debugFunPtr
 0000:153C       _delayTask
 0000:57D9       _deleteConsole
 0000:4AF0       _deleteIOSysDevice
 0000:73F4       _deleteMouse
 0000:66E2       _deleteSerial
 0000:10FE       _deleteTask
 0000:1BF7       _deleteTimer
 0000:29EF       _disableInts
 0000:1E1A       _disableProf
 0000:22F1       _divZero
 0000:28AE       _divZeroTrap
 0000:29ED       _enableInts
 0000:1D8D       _enableProf
 0000:0C98       _exitScheduler
 0000:268B       _formatHex
 0000:3115       _free
 0000:4E96       _getDeviceData
 0000:4E5F       _getDeviceType
 0000:1617       _getIdleSwitches
 0000:15ED       _getLockOuts
 0000:474C       _getopts
 0000:162C       _getScheduleTime
 0000:41BE       _getSemaphore
 0000:15D8       _getTaskCount
 0000:13A6       _getTaskHandle
 0000:1602       _getTaskSwitches
 0000:17C7       _getTicks
 0000:17FF       _getTimer
 0000:0000       _idleHook
 0000:1E54       _idleTaskFun
 0000:414C       _initSemaphore
 0000:2A40       _inp
 0000:2A4B       _inpw
 0000:554C       _installConsole
 0000:5506       _installInt15
 0000:6FC4       _installMouse
 0000:6230       _installSerial
 0000:16AA       _installTimer
 0000:2A54       _int86
 0000:4DBF       _ioctlDevice
 0000:29F1       _lockInts
 0000:13BF       _lockTask
 0000:33DF       _longjmp
 0000:03AA       _main
 07BF:0004       _mainStackSize
 0000:0038       _mainTask
 0000:2EE5       _malloc
 0000:3318       _memcmp
 0000:32C6       _memcpy
 0000:337B       _memset
 0000:29B0       _newContext
 0000:4A04       _newIOSysDevice
 0000:0E44       _newTask
 0000:19EB       _newTimer
 0000:23E5       _nmiInt
 0000:28E8       _nmiIntTrap
 0000:236B       _oneStep
 0000:28CB       _oneStepTrap
 0000:4B3F       _openDevice
 0000:2A28       _outp
 0000:2A34       _outpw
 0000:24DA       _overFlow
 0000:2922       _overFlowTrap
 0000:06F7       _panic
 0000:405A       _printk
 07BF:0130       _psp
 0000:4401       _putSemaphore
 0000:0CE1       _quitScheduler
 0000:4C73       _readDevice
 0000:58A0       _removeConsole
 0000:5529       _removeInt15
 0000:7032       _removeMouse
 0000:62A4       _removeSerial
 0000:1759       _removeTimer
 0000:48AA       _resetopts
 0000:1461       _resumeTask
 0000:0758       _schedule
 0000:2960       _scheduleEntry
 0000:4EF0       _select
 0000:2554       _setBIOSTraps
 0000:25A1       _setBreakKeyTrap
 0000:21A6       _setCPUTraps
 0000:2642       _setDebug
 0000:22D5       _setDebuggerTrap
 0000:2AE8       _setHeapStart
 0000:1F33       _setIdleHook
 0000:2780       _setIRQTrap
 0000:33B0       _setjmp
 0000:1D34       _setPreEmptive
 0000:410A       _setPrintk
 0000:29FF       _setVector
 0000:3EF9       _sprintf
 07BF:26C0       _stackEnd
 0000:09C4       _startScheduler
 0000:1AFE       _startTimer
 0000:1B94       _stopTimer
 0000:1425       _suspendTask
 0000:1078       _taskExit
 0000:0D0A       _taskTimer
 07BF:09F6       _textDrv
 0000:2DC7       _tidyHeap
 0000:1641       _traceTaskStack
 0000:29F5       _unlockInts
 0000:13F1       _unlockTask
 0000:1269       _waitTask
 0000:2C97       _walkFree
 0000:2B65       _walkHeap
 0000:4D19       _writeDevice
 0000:1406       _yieldTask
 0000:0380       __acrtused
 0000:48C6       __aNldiv
 0000:4962       __aNlrem

  Address         Publics by Value

 0000:0000       _idleHook
 0000:0038       _mainTask
 0000:0380       __acrtused
 0000:03AA       _main
 0000:06F7       _panic
 0000:0758       _schedule
 0000:09C4       _startScheduler
 0000:0C98       _exitScheduler
 0000:0CE1       _quitScheduler
 0000:0D0A       _taskTimer
 0000:0E44       _newTask
 0000:1078       _taskExit
 0000:10FE       _deleteTask
 0000:1269       _waitTask
 0000:13A6       _getTaskHandle
 0000:13BF       _lockTask
 0000:13F1       _unlockTask
 0000:1406       _yieldTask
 0000:1425       _suspendTask
 0000:1461       _resumeTask
 0000:153C       _delayTask
 0000:15D8       _getTaskCount
 0000:15ED       _getLockOuts
 0000:1602       _getTaskSwitches
 0000:1617       _getIdleSwitches
 0000:162C       _getScheduleTime
 0000:1641       _traceTaskStack
 0000:16AA       _installTimer
 0000:1759       _removeTimer
 0000:17C7       _getTicks
 0000:17FF       _getTimer
 0000:185E       _clockTick
 0000:19EB       _newTimer
 0000:1AFE       _startTimer
 0000:1B94       _stopTimer
 0000:1BF7       _deleteTimer
 0000:1D34       _setPreEmptive
 0000:1D8D       _enableProf
 0000:1E1A       _disableProf
 0000:1E54       _idleTaskFun
 0000:1F33       _setIdleHook
 0000:2071       _clearIdleHook
 0000:21A6       _setCPUTraps
 0000:224F       _clearCPUTraps
 0000:22D5       _setDebuggerTrap
 0000:22F1       _divZero
 0000:236B       _oneStep
 0000:23E5       _nmiInt
 0000:2460       _breakPoint
 0000:24DA       _overFlow
 0000:2554       _setBIOSTraps
 0000:257E       _clearBIOSTraps
 0000:25A1       _setBreakKeyTrap
 0000:25D3       _breakKey
 0000:2642       _setDebug
 0000:268B       _formatHex
 0000:2780       _setIRQTrap
 0000:2855       _clearIRQTrap
 0000:288F       _chainIRQ
 0000:28AE       _divZeroTrap
 0000:28CB       _oneStepTrap
 0000:28E8       _nmiIntTrap
 0000:2905       _breakPointTrap
 0000:2922       _overFlowTrap
 0000:293F       _breakKeyTrap
 0000:2960       _scheduleEntry
 0000:299A       _beginScheduler
 0000:29A5       TASKEXIT
 0000:29B0       _newContext
 0000:29ED       _enableInts
 0000:29EF       _disableInts
 0000:29F1       _lockInts
 0000:29F5       _unlockInts
 0000:29FF       _setVector
 0000:2A28       _outp
 0000:2A34       _outpw
 0000:2A40       _inp
 0000:2A4B       _inpw
 0000:2A54       _int86
 0000:2AE8       _setHeapStart
 0000:2B65       _walkHeap
 0000:2C97       _walkFree
 0000:2DC7       _tidyHeap
 0000:2EE5       _malloc
 0000:3115       _free
 0000:323C       _calloc
 0000:32C6       _memcpy
 0000:3318       _memcmp
 0000:337B       _memset
 0000:33B0       _setjmp
 0000:33DF       _longjmp
 0000:3410       _biosCh
 0000:3420       _biosStr
 0000:343B       _biosKey
 0000:3EF9       _sprintf
 0000:405A       _printk
 0000:410A       _setPrintk
 0000:414C       _initSemaphore
 0000:41BE       _getSemaphore
 0000:4401       _putSemaphore
 0000:474C       _getopts
 0000:48AA       _resetopts
 0000:48C6       __aNldiv
 0000:4962       __aNlrem
 0000:4A04       _newIOSysDevice
 0000:4AF0       _deleteIOSysDevice
 0000:4B3F       _openDevice
 0000:4BDC       _closeDevice
 0000:4C73       _readDevice
 0000:4D19       _writeDevice
 0000:4DBF       _ioctlDevice
 0000:4E5F       _getDeviceType
 0000:4E96       _getDeviceData
 0000:4EF0       _select
 0000:5506       _installInt15
 0000:5529       _removeInt15
 0000:5546       _checkInt15
 0000:554C       _installConsole
 0000:560D       _createConsole
 0000:57D9       _deleteConsole
 0000:58A0       _removeConsole
 0000:6230       _installSerial
 0000:62A4       _removeSerial
 0000:6310       _createSerial
 0000:66E2       _deleteSerial
 0000:6FC4       _installMouse
 0000:7032       _removeMouse
 0000:709E       _createMouse
 0000:73F4       _deleteMouse
 07BF:0004       _mainStackSize
 07BF:0130       _psp
 07BF:0876       _debugFunPtr
 07BF:087A       _debugFlags
 07BF:09F6       _textDrv
 07BF:26C0       _stackEnd

Program entry point at 0000:0380
