
 Start  Stop   Length Name                   Class
 00000H 05F25H 05F26H _TEXT                  CODE
 05F30H 07B6DH 01C3EH _DATA                  DATA
 07B70H 07B70H 00000H CONST                  CONST
 07B70H 083F5H 00886H _BSS                   BSS
 08400H 087FFH 00400H STACK                  STACK

 Origin   Group
 05F3:0   DGROUP

  Address         Publics by Name

 0000:2B55       TASKEXIT
 0000:2B4A       _beginScheduler
 0000:35C0       _biosCh
 0000:35EB       _biosKey
 0000:35D0       _biosStr
 05F3:0146       _Bitmap
 0000:2783       _breakKey
 0000:2AEF       _breakKeyTrap
 0000:2610       _breakPoint
 0000:2AB5       _breakPointTrap
 0000:33EC       _calloc
 0000:2A3F       _chainIRQ
 0000:272E       _clearBIOSTraps
 0000:23FF       _clearCPUTraps
 0000:2221       _clearIdleHook
 0000:2A05       _clearIRQTrap
 0000:1A0E       _clockTick
 05F3:09BA       _debugFlags
 05F3:09B6       _debugFunPtr
 0000:16EC       _delayTask
 0000:12AE       _deleteTask
 0000:1DA7       _deleteTimer
 0000:2B9F       _disableInts
 0000:1FCA       _disableProf
 0000:24A1       _divZero
 0000:2A5E       _divZeroTrap
 0000:2B9D       _enableInts
 0000:1F3D       _enableProf
 0000:0E48       _exitScheduler
 0000:283B       _formatHex
 0000:32C5       _free
 0000:17C7       _getIdleSwitches
 0000:179D       _getLockOuts
 0000:41F0       _getopts
 0000:17DC       _getScheduleTime
 0000:3C62       _getSemaphore
 0000:1788       _getTaskCount
 0000:1556       _getTaskHandle
 0000:17B2       _getTaskSwitches
 0000:1977       _getTicks
 0000:19AF       _getTimer
 0000:2004       _idleTaskFun
 0000:3BF0       _initSemaphore
 0000:2BF0       _inp
 0000:2BFB       _inpw
 0000:185A       _installTimer
 0000:2C04       _int86
 0000:2BA1       _lockInts
 0000:156F       _lockTask
 0000:358F       _longjmp
 0000:055A       _main
 05F3:0000       _mainStackSize
 0000:03B8       _mainTask
 0000:3095       _malloc
 0000:34C8       _memcmp
 0000:3476       _memcpy
 0000:352B       _memset
 0000:2B60       _newContext
 0000:0FF4       _newTask
 0000:1B9B       _newTimer
 0000:2595       _nmiInt
 0000:2A98       _nmiIntTrap
 0000:251B       _oneStep
 0000:2A7B       _oneStepTrap
 0000:2BD8       _outp
 0000:2BE4       _outpw
 0000:268A       _overFlow
 0000:2AD2       _overFlowTrap
 0000:08A7       _panic
 05F3:0002       _Pixmap
 0000:3AFE       _printk
 05F3:0270       _psp
 0000:3EA5       _putSemaphore
 0000:0E91       _quitScheduler
 0000:1909       _removeTimer
 0000:434E       _resetopts
 0000:1611       _resumeTask
 0000:0000       _RunTest
 0000:0908       _schedule
 0000:2B10       _scheduleEntry
 0000:2704       _setBIOSTraps
 0000:2751       _setBreakKeyTrap
 0000:2356       _setCPUTraps
 0000:5EBC       _setDACregister
 0000:5EEB       _setDACregisters
 0000:27F2       _setDebug
 0000:2485       _setDebuggerTrap
 0000:2C98       _setHeapStart
 0000:20E3       _setIdleHook
 0000:2930       _setIRQTrap
 0000:3560       _setjmp
 0000:1EE4       _setPreEmptive
 0000:3BAE       _setPrintk
 0000:2BAF       _setVector
 0000:399D       _sprintf
 05F3:28D0       _stackEnd
 0000:0B74       _startScheduler
 0000:1CAE       _startTimer
 0000:1D44       _stopTimer
 0000:15D5       _suspendTask
 0000:1228       _taskExit
 0000:0EBA       _taskTimer
 0000:2F77       _tidyHeap
 0000:17F1       _traceTaskStack
 0000:2BA5       _unlockInts
 0000:15A1       _unlockTask
 05F3:1378       _vm18drv
 05F3:1C04       _vm19drv
 0000:1419       _waitTask
 0000:2E47       _walkFree
 0000:2D15       _walkHeap
 0000:15B6       _yieldTask
 0000:0530       __acrtused
 0000:436A       __aNldiv
 0000:4406       __aNlrem

  Address         Publics by Value

 0000:0000       _RunTest
 0000:03B8       _mainTask
 0000:0530       __acrtused
 0000:055A       _main
 0000:08A7       _panic
 0000:0908       _schedule
 0000:0B74       _startScheduler
 0000:0E48       _exitScheduler
 0000:0E91       _quitScheduler
 0000:0EBA       _taskTimer
 0000:0FF4       _newTask
 0000:1228       _taskExit
 0000:12AE       _deleteTask
 0000:1419       _waitTask
 0000:1556       _getTaskHandle
 0000:156F       _lockTask
 0000:15A1       _unlockTask
 0000:15B6       _yieldTask
 0000:15D5       _suspendTask
 0000:1611       _resumeTask
 0000:16EC       _delayTask
 0000:1788       _getTaskCount
 0000:179D       _getLockOuts
 0000:17B2       _getTaskSwitches
 0000:17C7       _getIdleSwitches
 0000:17DC       _getScheduleTime
 0000:17F1       _traceTaskStack
 0000:185A       _installTimer
 0000:1909       _removeTimer
 0000:1977       _getTicks
 0000:19AF       _getTimer
 0000:1A0E       _clockTick
 0000:1B9B       _newTimer
 0000:1CAE       _startTimer
 0000:1D44       _stopTimer
 0000:1DA7       _deleteTimer
 0000:1EE4       _setPreEmptive
 0000:1F3D       _enableProf
 0000:1FCA       _disableProf
 0000:2004       _idleTaskFun
 0000:20E3       _setIdleHook
 0000:2221       _clearIdleHook
 0000:2356       _setCPUTraps
 0000:23FF       _clearCPUTraps
 0000:2485       _setDebuggerTrap
 0000:24A1       _divZero
 0000:251B       _oneStep
 0000:2595       _nmiInt
 0000:2610       _breakPoint
 0000:268A       _overFlow
 0000:2704       _setBIOSTraps
 0000:272E       _clearBIOSTraps
 0000:2751       _setBreakKeyTrap
 0000:2783       _breakKey
 0000:27F2       _setDebug
 0000:283B       _formatHex
 0000:2930       _setIRQTrap
 0000:2A05       _clearIRQTrap
 0000:2A3F       _chainIRQ
 0000:2A5E       _divZeroTrap
 0000:2A7B       _oneStepTrap
 0000:2A98       _nmiIntTrap
 0000:2AB5       _breakPointTrap
 0000:2AD2       _overFlowTrap
 0000:2AEF       _breakKeyTrap
 0000:2B10       _scheduleEntry
 0000:2B4A       _beginScheduler
 0000:2B55       TASKEXIT
 0000:2B60       _newContext
 0000:2B9D       _enableInts
 0000:2B9F       _disableInts
 0000:2BA1       _lockInts
 0000:2BA5       _unlockInts
 0000:2BAF       _setVector
 0000:2BD8       _outp
 0000:2BE4       _outpw
 0000:2BF0       _inp
 0000:2BFB       _inpw
 0000:2C04       _int86
 0000:2C98       _setHeapStart
 0000:2D15       _walkHeap
 0000:2E47       _walkFree
 0000:2F77       _tidyHeap
 0000:3095       _malloc
 0000:32C5       _free
 0000:33EC       _calloc
 0000:3476       _memcpy
 0000:34C8       _memcmp
 0000:352B       _memset
 0000:3560       _setjmp
 0000:358F       _longjmp
 0000:35C0       _biosCh
 0000:35D0       _biosStr
 0000:35EB       _biosKey
 0000:399D       _sprintf
 0000:3AFE       _printk
 0000:3BAE       _setPrintk
 0000:3BF0       _initSemaphore
 0000:3C62       _getSemaphore
 0000:3EA5       _putSemaphore
 0000:41F0       _getopts
 0000:434E       _resetopts
 0000:436A       __aNldiv
 0000:4406       __aNlrem
 0000:5EBC       _setDACregister
 0000:5EEB       _setDACregisters
 05F3:0000       _mainStackSize
 05F3:0002       _Pixmap
 05F3:0146       _Bitmap
 05F3:0270       _psp
 05F3:09B6       _debugFunPtr
 05F3:09BA       _debugFlags
 05F3:1378       _vm18drv
 05F3:1C04       _vm19drv
 05F3:28D0       _stackEnd

Program entry point at 0000:0530
