
 Start  Stop   Length Name                   Class
 00000H 0413FH 04140H _TEXT                  CODE
 04140H 04ADBH 0099CH _DATA                  DATA
 04AE0H 04AE0H 00000H CONST                  CONST
 04AE0H 04F25H 00446H _BSS                   BSS
 04F30H 0532FH 00400H STACK                  STACK

 Origin   Group
 0414:0   DGROUP

  Address         Publics by Name

 0000:26D5       TASKEXIT
 0000:26CA       _beginScheduler
 0000:3140       _biosCh
 0000:316B       _biosKey
 0000:3150       _biosStr
 0000:2303       _breakKey
 0000:266F       _breakKeyTrap
 0000:2190       _breakPoint
 0000:2635       _breakPointTrap
 0000:2F6C       _calloc
 0000:25BF       _chainIRQ
 0000:22AE       _clearBIOSTraps
 0000:1F7F       _clearCPUTraps
 0000:1DA1       _clearIdleHook
 0000:2585       _clearIRQTrap
 0000:158E       _clockTick
 0414:081A       _debugFlags
 0414:0816       _debugFunPtr
 0000:126C       _delayTask
 0000:0E2E       _deleteTask
 0000:1927       _deleteTimer
 0000:271F       _disableInts
 0000:1B4A       _disableProf
 0000:2021       _divZero
 0000:25DE       _divZeroTrap
 0000:3707       _doPrint
 0000:271D       _enableInts
 0000:1ABD       _enableProf
 0000:09C8       _exitScheduler
 0000:23BB       _formatHex
 0000:2E45       _free
 0000:1347       _getIdleSwitches
 0000:131D       _getLockOuts
 0000:3E88       _getopts
 0000:135C       _getScheduleTime
 0000:38FA       _getSemaphore
 0000:1308       _getTaskCount
 0000:10D6       _getTaskHandle
 0000:1332       _getTaskSwitches
 0000:14F7       _getTicks
 0000:152F       _getTimer
 0000:1B84       _idleTaskFun
 0000:3888       _initSemaphore
 0000:2770       _inp
 0000:277B       _inpw
 0000:13DA       _installTimer
 0000:2784       _int86
 0000:2721       _lockInts
 0000:10EF       _lockTask
 0000:310F       _longjmp
 0000:00DA       _main
 0414:00C6       _mainStackSize
 0000:0000       _mainTask
 0000:2C15       _malloc
 0000:3048       _memcmp
 0000:2FF6       _memcpy
 0000:30AB       _memset
 0000:26E0       _newContext
 0000:0B74       _newTask
 0000:171B       _newTimer
 0000:2115       _nmiInt
 0000:2618       _nmiIntTrap
 0000:209B       _oneStep
 0000:25FB       _oneStepTrap
 0000:2758       _outp
 0000:2764       _outpw
 0000:220A       _overFlow
 0000:2652       _overFlowTrap
 0000:0427       _panic
 0000:328D       _printk
 0000:3214       _printkOut
 0414:00D0       _psp
 0000:3B3D       _putSemaphore
 0000:0A11       _quitScheduler
 0000:1489       _removeTimer
 0000:3FE6       _resetopts
 0000:1191       _resumeTask
 0000:0488       _schedule
 0000:2690       _scheduleEntry
 0000:2284       _setBIOSTraps
 0000:22D1       _setBreakKeyTrap
 0000:1ED6       _setCPUTraps
 0000:2372       _setDebug
 0000:2005       _setDebuggerTrap
 0000:2818       _setHeapStart
 0000:1C63       _setIdleHook
 0000:24B0       _setIRQTrap
 0000:30E0       _setjmp
 0000:1A64       _setPreEmptive
 0000:32D9       _setPrintk
 0000:272F       _setVector
 0000:31AB       _sprintf
 0414:11F0       _stackEnd
 0000:06F4       _startScheduler
 0000:182E       _startTimer
 0000:18C4       _stopTimer
 0000:1155       _suspendTask
 0000:0DA8       _taskExit
 0000:0A3A       _taskTimer
 0000:2AF7       _tidyHeap
 0000:1371       _traceTaskStack
 0000:2725       _unlockInts
 0000:1121       _unlockTask
 0000:0F99       _waitTask
 0000:29C7       _walkFree
 0000:2895       _walkHeap
 0000:1136       _yieldTask
 0000:00B0       __acrtused
 0000:4002       __aNldiv
 0000:409E       __aNlrem

  Address         Publics by Value

 0000:0000       _mainTask
 0000:00B0       __acrtused
 0000:00DA       _main
 0000:0427       _panic
 0000:0488       _schedule
 0000:06F4       _startScheduler
 0000:09C8       _exitScheduler
 0000:0A11       _quitScheduler
 0000:0A3A       _taskTimer
 0000:0B74       _newTask
 0000:0DA8       _taskExit
 0000:0E2E       _deleteTask
 0000:0F99       _waitTask
 0000:10D6       _getTaskHandle
 0000:10EF       _lockTask
 0000:1121       _unlockTask
 0000:1136       _yieldTask
 0000:1155       _suspendTask
 0000:1191       _resumeTask
 0000:126C       _delayTask
 0000:1308       _getTaskCount
 0000:131D       _getLockOuts
 0000:1332       _getTaskSwitches
 0000:1347       _getIdleSwitches
 0000:135C       _getScheduleTime
 0000:1371       _traceTaskStack
 0000:13DA       _installTimer
 0000:1489       _removeTimer
 0000:14F7       _getTicks
 0000:152F       _getTimer
 0000:158E       _clockTick
 0000:171B       _newTimer
 0000:182E       _startTimer
 0000:18C4       _stopTimer
 0000:1927       _deleteTimer
 0000:1A64       _setPreEmptive
 0000:1ABD       _enableProf
 0000:1B4A       _disableProf
 0000:1B84       _idleTaskFun
 0000:1C63       _setIdleHook
 0000:1DA1       _clearIdleHook
 0000:1ED6       _setCPUTraps
 0000:1F7F       _clearCPUTraps
 0000:2005       _setDebuggerTrap
 0000:2021       _divZero
 0000:209B       _oneStep
 0000:2115       _nmiInt
 0000:2190       _breakPoint
 0000:220A       _overFlow
 0000:2284       _setBIOSTraps
 0000:22AE       _clearBIOSTraps
 0000:22D1       _setBreakKeyTrap
 0000:2303       _breakKey
 0000:2372       _setDebug
 0000:23BB       _formatHex
 0000:24B0       _setIRQTrap
 0000:2585       _clearIRQTrap
 0000:25BF       _chainIRQ
 0000:25DE       _divZeroTrap
 0000:25FB       _oneStepTrap
 0000:2618       _nmiIntTrap
 0000:2635       _breakPointTrap
 0000:2652       _overFlowTrap
 0000:266F       _breakKeyTrap
 0000:2690       _scheduleEntry
 0000:26CA       _beginScheduler
 0000:26D5       TASKEXIT
 0000:26E0       _newContext
 0000:271D       _enableInts
 0000:271F       _disableInts
 0000:2721       _lockInts
 0000:2725       _unlockInts
 0000:272F       _setVector
 0000:2758       _outp
 0000:2764       _outpw
 0000:2770       _inp
 0000:277B       _inpw
 0000:2784       _int86
 0000:2818       _setHeapStart
 0000:2895       _walkHeap
 0000:29C7       _walkFree
 0000:2AF7       _tidyHeap
 0000:2C15       _malloc
 0000:2E45       _free
 0000:2F6C       _calloc
 0000:2FF6       _memcpy
 0000:3048       _memcmp
 0000:30AB       _memset
 0000:30E0       _setjmp
 0000:310F       _longjmp
 0000:3140       _biosCh
 0000:3150       _biosStr
 0000:316B       _biosKey
 0000:31AB       _sprintf
 0000:3214       _printkOut
 0000:328D       _printk
 0000:32D9       _setPrintk
 0000:3707       _doPrint
 0000:3888       _initSemaphore
 0000:38FA       _getSemaphore
 0000:3B3D       _putSemaphore
 0000:3E88       _getopts
 0000:3FE6       _resetopts
 0000:4002       __aNldiv
 0000:409E       __aNlrem
 0414:00C6       _mainStackSize
 0414:00D0       _psp
 0414:0816       _debugFunPtr
 0414:081A       _debugFlags
 0414:11F0       _stackEnd

Program entry point at 0000:00B0
