
 Start  Stop   Length Name                   Class
 00000H 05363H 05364H _TEXT                  CODE
 05370H 05E43H 00AD4H _DATA                  DATA
 05E50H 05E50H 00000H CONST                  CONST
 05E50H 06C5BH 00E0CH _BSS                   BSS
 06C60H 0705FH 00400H STACK                  STACK

 Origin   Group
 0537:0   DGROUP

  Address         Publics by Name

 0000:1785       TASKEXIT
 0000:177A       _beginScheduler
 0000:21F0       _biosCh
 0000:221B       _biosKey
 0000:2200       _biosStr
 0000:13B1       _breakKey
 0000:171D       _breakKeyTrap
 0000:123E       _breakPoint
 0000:16E3       _breakPointTrap
 0000:201C       _calloc
 0000:166D       _chainIRQ
 0000:135C       _clearBIOSTraps
 0000:102D       _clearCPUTraps
 0000:0E4F       _clearIdleHook
 0000:1633       _clearIRQTrap
 0000:063C       _clockTick
 0000:44E1       _close
 0537:058E       _debugFlags
 0537:058A       _debugFunPtr
 0000:4182       _delayTask
 0000:4CE9       _deleteFatFs
 0000:4A72       _deleteFileSystem
 0000:3D44       _deleteTask
 0000:09D5       _deleteTimer
 0000:17CF       _disableInts
 0000:0BF8       _disableProf
 0000:10CF       _divZero
 0000:168C       _divZeroTrap
 0000:17CD       _enableInts
 0000:0B6B       _enableProf
 0000:38DE       _exitScheduler
 0000:1469       _formatHex
 0000:1EF5       _free
 0000:425D       _getIdleSwitches
 0000:4233       _getLockOuts
 0000:2E20       _getopts
 0000:4272       _getScheduleTime
 0000:2892       _getSemaphore
 0000:421E       _getTaskCount
 0000:3FEC       _getTaskHandle
 0000:4248       _getTaskSwitches
 0000:05A5       _getTicks
 0000:05DD       _getTimer
 0000:0C32       _idleTaskFun
 0000:4B60       _initFatFs
 0000:4856       _initFileSystem
 0000:2820       _initSemaphore
 0000:1820       _inp
 0000:182B       _inpw
 0000:0488       _installTimer
 0000:50AA       _int24Trap
 0000:1834       _int86
 0000:47B4       _ioctl
 0000:17D1       _lockInts
 0000:4005       _lockTask
 0000:21BF       _longjmp
 0000:4712       _lseek
 0000:00DA       _main
 0537:0040       _mainStackSize
 0000:0000       _mainTask
 0000:1CC5       _malloc
 0000:20F8       _memcmp
 0000:20A6       _memcpy
 0000:215B       _memset
 0000:1790       _newContext
 0000:4B90       _newFatFs
 0000:49C6       _newFileSystem
 0000:3A8A       _newTask
 0000:07C9       _newTimer
 0000:11C3       _nmiInt
 0000:16C6       _nmiIntTrap
 0000:1149       _oneStep
 0000:16A9       _oneStepTrap
 0000:42F0       _open
 0000:1808       _outp
 0000:1814       _outpw
 0000:12B8       _overFlow
 0000:1700       _overFlowTrap
 0000:0427       _panic
 0000:272E       _printk
 0537:0050       _psp
 0000:2AD5       _putSemaphore
 0000:3927       _quitScheduler
 0000:45CE       _read
 0000:4D06       _removeFatFs
 0000:49B1       _removeFileSystem
 0000:0537       _removeTimer
 0000:2F7E       _resetopts
 0000:40A7       _resumeTask
 0000:339E       _schedule
 0000:1740       _scheduleEntry
 0000:1332       _setBIOSTraps
 0000:137F       _setBreakKeyTrap
 0000:0F84       _setCPUTraps
 0000:1420       _setDebug
 0000:10B3       _setDebuggerTrap
 0000:18C8       _setHeapStart
 0000:0D11       _setIdleHook
 0000:155E       _setIRQTrap
 0000:2190       _setjmp
 0000:0B12       _setPreEmptive
 0000:27DE       _setPrintk
 0000:17DF       _setVector
 0000:25CD       _sprintf
 0537:1CF0       _stackEnd
 0000:30D8       _startProfiling
 0000:360A       _startScheduler
 0000:08DC       _startTimer
 0000:3228       _stopProfiling
 0000:0972       _stopTimer
 0000:50FF       _strcat
 0000:5220       _strchr
 0000:51A5       _strcmp
 0000:50AE       _strcpy
 0000:5173       _strlen
 0000:5272       _strrchr
 0000:52CB       _strstr
 0000:406B       _suspendTask
 0000:3CBE       _taskExit
 0000:3950       _taskTimer
 0000:1BA7       _tidyHeap
 0000:4287       _traceTaskStack
 0000:17D5       _unlockInts
 0000:4037       _unlockTask
 0000:3EAF       _waitTask
 0000:1A77       _walkFree
 0000:1945       _walkHeap
 0000:4670       _write
 0000:404C       _yieldTask
 0000:00B0       __acrtused
 0000:2F9A       __aNldiv
 0000:3036       __aNlrem

  Address         Publics by Value

 0000:0000       _mainTask
 0000:00B0       __acrtused
 0000:00DA       _main
 0000:0427       _panic
 0000:0488       _installTimer
 0000:0537       _removeTimer
 0000:05A5       _getTicks
 0000:05DD       _getTimer
 0000:063C       _clockTick
 0000:07C9       _newTimer
 0000:08DC       _startTimer
 0000:0972       _stopTimer
 0000:09D5       _deleteTimer
 0000:0B12       _setPreEmptive
 0000:0B6B       _enableProf
 0000:0BF8       _disableProf
 0000:0C32       _idleTaskFun
 0000:0D11       _setIdleHook
 0000:0E4F       _clearIdleHook
 0000:0F84       _setCPUTraps
 0000:102D       _clearCPUTraps
 0000:10B3       _setDebuggerTrap
 0000:10CF       _divZero
 0000:1149       _oneStep
 0000:11C3       _nmiInt
 0000:123E       _breakPoint
 0000:12B8       _overFlow
 0000:1332       _setBIOSTraps
 0000:135C       _clearBIOSTraps
 0000:137F       _setBreakKeyTrap
 0000:13B1       _breakKey
 0000:1420       _setDebug
 0000:1469       _formatHex
 0000:155E       _setIRQTrap
 0000:1633       _clearIRQTrap
 0000:166D       _chainIRQ
 0000:168C       _divZeroTrap
 0000:16A9       _oneStepTrap
 0000:16C6       _nmiIntTrap
 0000:16E3       _breakPointTrap
 0000:1700       _overFlowTrap
 0000:171D       _breakKeyTrap
 0000:1740       _scheduleEntry
 0000:177A       _beginScheduler
 0000:1785       TASKEXIT
 0000:1790       _newContext
 0000:17CD       _enableInts
 0000:17CF       _disableInts
 0000:17D1       _lockInts
 0000:17D5       _unlockInts
 0000:17DF       _setVector
 0000:1808       _outp
 0000:1814       _outpw
 0000:1820       _inp
 0000:182B       _inpw
 0000:1834       _int86
 0000:18C8       _setHeapStart
 0000:1945       _walkHeap
 0000:1A77       _walkFree
 0000:1BA7       _tidyHeap
 0000:1CC5       _malloc
 0000:1EF5       _free
 0000:201C       _calloc
 0000:20A6       _memcpy
 0000:20F8       _memcmp
 0000:215B       _memset
 0000:2190       _setjmp
 0000:21BF       _longjmp
 0000:21F0       _biosCh
 0000:2200       _biosStr
 0000:221B       _biosKey
 0000:25CD       _sprintf
 0000:272E       _printk
 0000:27DE       _setPrintk
 0000:2820       _initSemaphore
 0000:2892       _getSemaphore
 0000:2AD5       _putSemaphore
 0000:2E20       _getopts
 0000:2F7E       _resetopts
 0000:2F9A       __aNldiv
 0000:3036       __aNlrem
 0000:30D8       _startProfiling
 0000:3228       _stopProfiling
 0000:339E       _schedule
 0000:360A       _startScheduler
 0000:38DE       _exitScheduler
 0000:3927       _quitScheduler
 0000:3950       _taskTimer
 0000:3A8A       _newTask
 0000:3CBE       _taskExit
 0000:3D44       _deleteTask
 0000:3EAF       _waitTask
 0000:3FEC       _getTaskHandle
 0000:4005       _lockTask
 0000:4037       _unlockTask
 0000:404C       _yieldTask
 0000:406B       _suspendTask
 0000:40A7       _resumeTask
 0000:4182       _delayTask
 0000:421E       _getTaskCount
 0000:4233       _getLockOuts
 0000:4248       _getTaskSwitches
 0000:425D       _getIdleSwitches
 0000:4272       _getScheduleTime
 0000:4287       _traceTaskStack
 0000:42F0       _open
 0000:44E1       _close
 0000:45CE       _read
 0000:4670       _write
 0000:4712       _lseek
 0000:47B4       _ioctl
 0000:4856       _initFileSystem
 0000:49B1       _removeFileSystem
 0000:49C6       _newFileSystem
 0000:4A72       _deleteFileSystem
 0000:4B60       _initFatFs
 0000:4B90       _newFatFs
 0000:4CE9       _deleteFatFs
 0000:4D06       _removeFatFs
 0000:50AA       _int24Trap
 0000:50AE       _strcpy
 0000:50FF       _strcat
 0000:5173       _strlen
 0000:51A5       _strcmp
 0000:5220       _strchr
 0000:5272       _strrchr
 0000:52CB       _strstr
 0537:0040       _mainStackSize
 0537:0050       _psp
 0537:058A       _debugFunPtr
 0537:058E       _debugFlags
 0537:1CF0       _stackEnd

Program entry point at 0000:00B0
