
 Start  Stop   Length Name                   Class
 00000H 04A63H 04A64H _TEXT                  CODE
 04A70H 055A1H 00B32H _DATA                  DATA
 055B0H 055B0H 00000H CONST                  CONST
 055B0H 059F5H 00446H _BSS                   BSS
 05A00H 05A0FH 00010H c_common               BSS
 05A10H 05E0FH 00400H STACK                  STACK

 Origin   Group
 04A7:0   DGROUP

  Address         Publics by Name

 0000:2A05       TASKEXIT
 0000:29FA       _beginScheduler
 0000:3470       _biosCh
 0000:349B       _biosKey
 0000:3480       _biosStr
 0000:2633       _breakKey
 0000:299F       _breakKeyTrap
 0000:24C0       _breakPoint
 0000:2965       _breakPointTrap
 0000:02AA       _breakTrap
 0000:329C       _calloc
 0000:28EF       _chainIRQ
 0000:25DE       _clearBIOSTraps
 0000:22AF       _clearCPUTraps
 0000:20D1       _clearIdleHook
 0000:28B5       _clearIRQTrap
 0000:18BE       _clockTick
 04A7:088A       _debugFlags
 04A7:0886       _debugFunPtr
 0000:159C       _delayTask
 0000:115E       _deleteTask
 0000:1C57       _deleteTimer
 0000:2A4F       _disableInts
 0000:1E7A       _disableProf
 0000:2351       _divZero
 0000:290E       _divZeroTrap
 0000:2A4D       _enableInts
 0000:1DED       _enableProf
 0000:0CF8       _exitScheduler
 0000:26EB       _formatHex
 0000:3175       _free
 0000:1677       _getIdleSwitches
 0000:164D       _getLockOuts
 0000:47AC       _getopts
 0000:168C       _getScheduleTime
 0000:421E       _getSemaphore
 0000:1638       _getTaskCount
 0000:1406       _getTaskHandle
 0000:1662       _getTaskSwitches
 0000:1827       _getTicks
 0000:185F       _getTimer
 0000:1EB4       _idleTaskFun
 0000:41AC       _initSemaphore
 0000:2AA0       _inp
 0000:2AAB       _inpw
 0000:170A       _installTimer
 0000:2AB4       _int86
 0000:2A51       _lockInts
 0000:141F       _lockTask
 0000:343F       _longjmp
 0000:040A       _main
 04A7:00CC       _mainStackSize
 0000:02C5       _mainTask
 0000:2F45       _malloc
 0000:3378       _memcmp
 0000:3326       _memcpy
 0000:33DB       _memset
 0000:0246       _myIdle
 04A7:0F90       _myLock
 0000:2A10       _newContext
 0000:0EA4       _newTask
 0000:1A4B       _newTimer
 0000:2445       _nmiInt
 0000:2948       _nmiIntTrap
 0000:23CB       _oneStep
 0000:292B       _oneStepTrap
 0000:2A88       _outp
 0000:2A94       _outpw
 0000:253A       _overFlow
 0000:2982       _overFlowTrap
 0000:0757       _panic
 0000:40BA       _printk
 04A7:0140       _psp
 0000:4461       _putSemaphore
 0000:0D41       _quitScheduler
 0000:17B9       _removeTimer
 0000:490A       _resetopts
 0000:14C1       _resumeTask
 0000:07B8       _schedule
 0000:29C0       _scheduleEntry
 0000:25B4       _setBIOSTraps
 0000:2601       _setBreakKeyTrap
 0000:2206       _setCPUTraps
 0000:26A2       _setDebug
 0000:2335       _setDebuggerTrap
 0000:2B48       _setHeapStart
 0000:1F93       _setIdleHook
 0000:27E0       _setIRQTrap
 0000:3410       _setjmp
 0000:1D94       _setPreEmptive
 0000:416A       _setPrintk
 0000:2A5F       _setVector
 0000:3F59       _sprintf
 04A7:13A0       _stackEnd
 0000:0A24       _startScheduler
 0000:1B5E       _startTimer
 0000:1BF4       _stopTimer
 0000:0000       _subTask
 0000:1485       _suspendTask
 0000:10D8       _taskExit
 0000:0D6A       _taskTimer
 04A7:0A06       _textDrv
 0000:2E27       _tidyHeap
 0000:16A1       _traceTaskStack
 0000:2A55       _unlockInts
 0000:1451       _unlockTask
 0000:12C9       _waitTask
 0000:2CF7       _walkFree
 0000:2BC5       _walkHeap
 0000:1466       _yieldTask
 0000:03E0       __acrtused
 0000:4926       __aNldiv
 0000:49C2       __aNlrem

  Address         Publics by Value

 0000:0000       _subTask
 0000:0246       _myIdle
 0000:02AA       _breakTrap
 0000:02C5       _mainTask
 0000:03E0       __acrtused
 0000:040A       _main
 0000:0757       _panic
 0000:07B8       _schedule
 0000:0A24       _startScheduler
 0000:0CF8       _exitScheduler
 0000:0D41       _quitScheduler
 0000:0D6A       _taskTimer
 0000:0EA4       _newTask
 0000:10D8       _taskExit
 0000:115E       _deleteTask
 0000:12C9       _waitTask
 0000:1406       _getTaskHandle
 0000:141F       _lockTask
 0000:1451       _unlockTask
 0000:1466       _yieldTask
 0000:1485       _suspendTask
 0000:14C1       _resumeTask
 0000:159C       _delayTask
 0000:1638       _getTaskCount
 0000:164D       _getLockOuts
 0000:1662       _getTaskSwitches
 0000:1677       _getIdleSwitches
 0000:168C       _getScheduleTime
 0000:16A1       _traceTaskStack
 0000:170A       _installTimer
 0000:17B9       _removeTimer
 0000:1827       _getTicks
 0000:185F       _getTimer
 0000:18BE       _clockTick
 0000:1A4B       _newTimer
 0000:1B5E       _startTimer
 0000:1BF4       _stopTimer
 0000:1C57       _deleteTimer
 0000:1D94       _setPreEmptive
 0000:1DED       _enableProf
 0000:1E7A       _disableProf
 0000:1EB4       _idleTaskFun
 0000:1F93       _setIdleHook
 0000:20D1       _clearIdleHook
 0000:2206       _setCPUTraps
 0000:22AF       _clearCPUTraps
 0000:2335       _setDebuggerTrap
 0000:2351       _divZero
 0000:23CB       _oneStep
 0000:2445       _nmiInt
 0000:24C0       _breakPoint
 0000:253A       _overFlow
 0000:25B4       _setBIOSTraps
 0000:25DE       _clearBIOSTraps
 0000:2601       _setBreakKeyTrap
 0000:2633       _breakKey
 0000:26A2       _setDebug
 0000:26EB       _formatHex
 0000:27E0       _setIRQTrap
 0000:28B5       _clearIRQTrap
 0000:28EF       _chainIRQ
 0000:290E       _divZeroTrap
 0000:292B       _oneStepTrap
 0000:2948       _nmiIntTrap
 0000:2965       _breakPointTrap
 0000:2982       _overFlowTrap
 0000:299F       _breakKeyTrap
 0000:29C0       _scheduleEntry
 0000:29FA       _beginScheduler
 0000:2A05       TASKEXIT
 0000:2A10       _newContext
 0000:2A4D       _enableInts
 0000:2A4F       _disableInts
 0000:2A51       _lockInts
 0000:2A55       _unlockInts
 0000:2A5F       _setVector
 0000:2A88       _outp
 0000:2A94       _outpw
 0000:2AA0       _inp
 0000:2AAB       _inpw
 0000:2AB4       _int86
 0000:2B48       _setHeapStart
 0000:2BC5       _walkHeap
 0000:2CF7       _walkFree
 0000:2E27       _tidyHeap
 0000:2F45       _malloc
 0000:3175       _free
 0000:329C       _calloc
 0000:3326       _memcpy
 0000:3378       _memcmp
 0000:33DB       _memset
 0000:3410       _setjmp
 0000:343F       _longjmp
 0000:3470       _biosCh
 0000:3480       _biosStr
 0000:349B       _biosKey
 0000:3F59       _sprintf
 0000:40BA       _printk
 0000:416A       _setPrintk
 0000:41AC       _initSemaphore
 0000:421E       _getSemaphore
 0000:4461       _putSemaphore
 0000:47AC       _getopts
 0000:490A       _resetopts
 0000:4926       __aNldiv
 0000:49C2       __aNlrem
 04A7:00CC       _mainStackSize
 04A7:0140       _psp
 04A7:0886       _debugFunPtr
 04A7:088A       _debugFlags
 04A7:0A06       _textDrv
 04A7:0F90       _myLock
 04A7:13A0       _stackEnd

Program entry point at 0000:03E0
