
 Start  Stop   Length Name                   Class
 00000H 05EC7H 05EC8H _TEXT                  CODE
 05ED0H 078AEH 019DFH _DATA                  DATA
 078B0H 078B0H 00000H CONST                  CONST
 078B0H 07CF9H 0044AH _BSS                   BSS
 07D00H 080FFH 00400H STACK                  STACK

 Origin   Group
 05ED:0   DGROUP

  Address         Publics by Name

 0000:2905       TASKEXIT
 0000:28FA       _beginScheduler
 0000:3370       _biosCh
 0000:339B       _biosKey
 0000:3380       _biosStr
 0000:2533       _breakKey
 0000:289F       _breakKeyTrap
 0000:23C0       _breakPoint
 0000:2865       _breakPointTrap
 0000:319C       _calloc
 0000:27EF       _chainIRQ
 0000:24DE       _clearBIOSTraps
 0000:21AF       _clearCPUTraps
 0000:1FD1       _clearIdleHook
 0000:27B5       _clearIRQTrap
 0000:17BE       _clockTick
 0000:4B3C       _closeDevice
 0000:5214       _createSerial
 05ED:080A       _debugFlags
 05ED:0806       _debugFunPtr
 0000:149C       _delayTask
 0000:4A50       _deleteIOSysDevice
 0000:55E6       _deleteSerial
 0000:105E       _deleteTask
 0000:1B57       _deleteTimer
 0000:294F       _disableInts
 0000:1D7A       _disableProf
 0000:2251       _divZero
 0000:280E       _divZeroTrap
 0000:294D       _enableInts
 0000:1CED       _enableProf
 0000:0BF8       _exitScheduler
 0000:25EB       _formatHex
 0000:3075       _free
 0000:4DF6       _getDeviceData
 0000:4DBF       _getDeviceType
 0000:1577       _getIdleSwitches
 0000:154D       _getLockOuts
 0000:46AC       _getopts
 0000:158C       _getScheduleTime
 0000:411E       _getSemaphore
 0000:1538       _getTaskCount
 0000:1306       _getTaskHandle
 0000:1562       _getTaskSwitches
 0000:1727       _getTicks
 0000:175F       _getTimer
 0000:0000       _idleHook
 0000:1DB4       _idleTaskFun
 0000:40AC       _initSemaphore
 0000:29A0       _inp
 0000:29AB       _inpw
 0000:5134       _installSerial
 0000:160A       _installTimer
 0000:29B4       _int86
 0000:4D1F       _ioctlDevice
 0000:2951       _lockInts
 0000:131F       _lockTask
 0000:333F       _longjmp
 0000:030A       _main
 05ED:0004       _mainStackSize
 0000:0122       _mainTask
 0000:2E45       _malloc
 0000:3278       _memcmp
 0000:3226       _memcpy
 0000:32DB       _memset
 0000:2910       _newContext
 0000:4964       _newIOSysDevice
 0000:0DA4       _newTask
 0000:194B       _newTimer
 0000:2345       _nmiInt
 0000:2848       _nmiIntTrap
 0000:22CB       _oneStep
 0000:282B       _oneStepTrap
 0000:4A9F       _openDevice
 0000:2988       _outp
 0000:2994       _outpw
 0000:243A       _overFlow
 0000:2882       _overFlowTrap
 0000:0657       _panic
 0000:3FBA       _printk
 05ED:00C0       _psp
 0000:4361       _putSemaphore
 0000:0C41       _quitScheduler
 0000:4BD3       _readDevice
 0000:51A8       _removeSerial
 0000:16B9       _removeTimer
 0000:480A       _resetopts
 0000:13C1       _resumeTask
 0000:06B8       _schedule
 0000:28C0       _scheduleEntry
 0000:4E50       _select
 0000:24B4       _setBIOSTraps
 0000:2501       _setBreakKeyTrap
 0000:2106       _setCPUTraps
 0000:25A2       _setDebug
 0000:2235       _setDebuggerTrap
 0000:2A48       _setHeapStart
 0000:1E93       _setIdleHook
 0000:26E0       _setIRQTrap
 0000:3310       _setjmp
 0000:1C94       _setPreEmptive
 0000:406A       _setPrintk
 0000:295F       _setVector
 0000:3E59       _sprintf
 05ED:2230       _stackEnd
 0000:0924       _startScheduler
 0000:1A5E       _startTimer
 0000:1AF4       _stopTimer
 0000:0038       _subTask
 0000:1385       _suspendTask
 0000:0FD8       _taskExit
 0000:0C6A       _taskTimer
 05ED:0986       _textDrv
 0000:2D27       _tidyHeap
 0000:15A1       _traceTaskStack
 0000:2955       _unlockInts
 0000:1351       _unlockTask
 0000:11C9       _waitTask
 0000:2BF7       _walkFree
 0000:2AC5       _walkHeap
 0000:4C79       _writeDevice
 0000:1366       _yieldTask
 0000:02E0       __acrtused
 0000:4826       __aNldiv
 0000:48C2       __aNlrem

  Address         Publics by Value

 0000:0000       _idleHook
 0000:0038       _subTask
 0000:0122       _mainTask
 0000:02E0       __acrtused
 0000:030A       _main
 0000:0657       _panic
 0000:06B8       _schedule
 0000:0924       _startScheduler
 0000:0BF8       _exitScheduler
 0000:0C41       _quitScheduler
 0000:0C6A       _taskTimer
 0000:0DA4       _newTask
 0000:0FD8       _taskExit
 0000:105E       _deleteTask
 0000:11C9       _waitTask
 0000:1306       _getTaskHandle
 0000:131F       _lockTask
 0000:1351       _unlockTask
 0000:1366       _yieldTask
 0000:1385       _suspendTask
 0000:13C1       _resumeTask
 0000:149C       _delayTask
 0000:1538       _getTaskCount
 0000:154D       _getLockOuts
 0000:1562       _getTaskSwitches
 0000:1577       _getIdleSwitches
 0000:158C       _getScheduleTime
 0000:15A1       _traceTaskStack
 0000:160A       _installTimer
 0000:16B9       _removeTimer
 0000:1727       _getTicks
 0000:175F       _getTimer
 0000:17BE       _clockTick
 0000:194B       _newTimer
 0000:1A5E       _startTimer
 0000:1AF4       _stopTimer
 0000:1B57       _deleteTimer
 0000:1C94       _setPreEmptive
 0000:1CED       _enableProf
 0000:1D7A       _disableProf
 0000:1DB4       _idleTaskFun
 0000:1E93       _setIdleHook
 0000:1FD1       _clearIdleHook
 0000:2106       _setCPUTraps
 0000:21AF       _clearCPUTraps
 0000:2235       _setDebuggerTrap
 0000:2251       _divZero
 0000:22CB       _oneStep
 0000:2345       _nmiInt
 0000:23C0       _breakPoint
 0000:243A       _overFlow
 0000:24B4       _setBIOSTraps
 0000:24DE       _clearBIOSTraps
 0000:2501       _setBreakKeyTrap
 0000:2533       _breakKey
 0000:25A2       _setDebug
 0000:25EB       _formatHex
 0000:26E0       _setIRQTrap
 0000:27B5       _clearIRQTrap
 0000:27EF       _chainIRQ
 0000:280E       _divZeroTrap
 0000:282B       _oneStepTrap
 0000:2848       _nmiIntTrap
 0000:2865       _breakPointTrap
 0000:2882       _overFlowTrap
 0000:289F       _breakKeyTrap
 0000:28C0       _scheduleEntry
 0000:28FA       _beginScheduler
 0000:2905       TASKEXIT
 0000:2910       _newContext
 0000:294D       _enableInts
 0000:294F       _disableInts
 0000:2951       _lockInts
 0000:2955       _unlockInts
 0000:295F       _setVector
 0000:2988       _outp
 0000:2994       _outpw
 0000:29A0       _inp
 0000:29AB       _inpw
 0000:29B4       _int86
 0000:2A48       _setHeapStart
 0000:2AC5       _walkHeap
 0000:2BF7       _walkFree
 0000:2D27       _tidyHeap
 0000:2E45       _malloc
 0000:3075       _free
 0000:319C       _calloc
 0000:3226       _memcpy
 0000:3278       _memcmp
 0000:32DB       _memset
 0000:3310       _setjmp
 0000:333F       _longjmp
 0000:3370       _biosCh
 0000:3380       _biosStr
 0000:339B       _biosKey
 0000:3E59       _sprintf
 0000:3FBA       _printk
 0000:406A       _setPrintk
 0000:40AC       _initSemaphore
 0000:411E       _getSemaphore
 0000:4361       _putSemaphore
 0000:46AC       _getopts
 0000:480A       _resetopts
 0000:4826       __aNldiv
 0000:48C2       __aNlrem
 0000:4964       _newIOSysDevice
 0000:4A50       _deleteIOSysDevice
 0000:4A9F       _openDevice
 0000:4B3C       _closeDevice
 0000:4BD3       _readDevice
 0000:4C79       _writeDevice
 0000:4D1F       _ioctlDevice
 0000:4DBF       _getDeviceType
 0000:4DF6       _getDeviceData
 0000:4E50       _select
 0000:5134       _installSerial
 0000:51A8       _removeSerial
 0000:5214       _createSerial
 0000:55E6       _deleteSerial
 05ED:0004       _mainStackSize
 05ED:00C0       _psp
 05ED:0806       _debugFunPtr
 05ED:080A       _debugFlags
 05ED:0986       _textDrv
 05ED:2230       _stackEnd

Program entry point at 0000:02E0
