
 Start  Stop   Length Name                   Class
 00000H 099EFH 099F0H _TEXT                  CODE
 099F0H 0BA91H 020A2H _DATA                  DATA
 0BAA0H 0BAA0H 00000H CONST                  CONST
 0BAA0H 0CD4BH 012ACH _BSS                   BSS
 0CD50H 0CD57H 00008H c_common               BSS
 0CD60H 0D15FH 00400H STACK                  STACK

 Origin   Group
 099F:0   DGROUP

  Address         Publics by Name

 0000:2CB5       TASKEXIT
 0000:2CAA       _beginScheduler
 0000:3720       _biosCh
 0000:374B       _biosKey
 0000:3730       _biosStr
 0000:28E3       _breakKey
 0000:2C4F       _breakKeyTrap
 0000:2770       _breakPoint
 0000:2C15       _breakPointTrap
 0000:354C       _calloc
 0000:2B9F       _chainIRQ
 0000:288E       _clearBIOSTraps
 0000:255F       _clearCPUTraps
 0000:2381       _clearIdleHook
 0000:2B65       _clearIRQTrap
 0000:1B6E       _clockTick
 0000:8B6D       _close
 099F:07DA       _debugFlags
 099F:07D6       _debugFunPtr
 0000:184C       _delayTask
 0000:9375       _deleteFatFs
 0000:90FE       _deleteFileSystem
 0000:140E       _deleteTask
 0000:1F07       _deleteTimer
 0000:2CFF       _disableInts
 0000:212A       _disableProf
 0000:2601       _divZero
 0000:2BBE       _divZeroTrap
 099F:3364       _dpy
 0000:0000       _DrawObject1
 0000:00F7       _DrawObject2
 0000:2CFD       _enableInts
 0000:209D       _enableProf
 0000:0FA8       _exitScheduler
 0000:299B       _formatHex
 0000:3425       _free
 0000:1927       _getIdleSwitches
 0000:18FD       _getLockOuts
 0000:4350       _getopts
 0000:193C       _getScheduleTime
 0000:3DC2       _getSemaphore
 0000:18E8       _getTaskCount
 0000:16B6       _getTaskHandle
 0000:1912       _getTaskSwitches
 0000:1AD7       _getTicks
 0000:1B0F       _getTimer
 099F:3362       _height
 0000:04AC       _idleHook
 0000:2164       _idleTaskFun
 0000:91EC       _initFatFs
 0000:8EE2       _initFileSystem
 0000:3D50       _initSemaphore
 0000:2D50       _inp
 0000:2D5B       _inpw
 0000:19BA       _installTimer
 0000:4608       _InstallXWindows
 0000:9736       _int24Trap
 0000:2D64       _int86
 0000:8E40       _ioctl
 0000:2D01       _lockInts
 0000:16CF       _lockTask
 0000:36EF       _longjmp
 0000:8D9E       _lseek
 0000:06BA       _main
 099F:0000       _mainStackSize
 0000:060E       _mainTask
 0000:31F5       _malloc
 0000:3628       _memcmp
 0000:35D6       _memcpy
 0000:368B       _memset
 0000:2CC0       _newContext
 0000:921C       _newFatFs
 0000:9052       _newFileSystem
 0000:1154       _newTask
 0000:1CFB       _newTimer
 0000:26F5       _nmiInt
 0000:2BF8       _nmiIntTrap
 0000:267B       _oneStep
 0000:2BDB       _oneStepTrap
 0000:897C       _open
 0000:2D38       _outp
 0000:2D44       _outpw
 0000:27EA       _overFlow
 0000:2C32       _overFlowTrap
 0000:0A07       _panic
 0000:3C5E       _printk
 099F:0090       _psp
 0000:4005       _putSemaphore
 0000:0FF1       _quitScheduler
 0000:8C5A       _read
 0000:9392       _removeFatFs
 0000:903D       _removeFileSystem
 0000:1A69       _removeTimer
 0000:470D       _RemoveXWindows
 0000:01D6       _renderTask
 0000:44AE       _resetopts
 0000:1771       _resumeTask
 0000:0501       _runTest
 0000:0A68       _schedule
 0000:2C70       _scheduleEntry
 0000:2864       _setBIOSTraps
 0000:28B1       _setBreakKeyTrap
 0000:24B6       _setCPUTraps
 0000:8912       _setDACregister
 0000:8941       _setDACregisters
 0000:2952       _setDebug
 0000:25E5       _setDebuggerTrap
 0000:2DF8       _setHeapStart
 0000:2243       _setIdleHook
 0000:2A90       _setIRQTrap
 0000:36C0       _setjmp
 0000:2044       _setPreEmptive
 0000:3D0E       _setPrintk
 0000:2D0F       _setVector
 0000:3AFD       _sprintf
 099F:3770       _stackEnd
 0000:0CD4       _startScheduler
 0000:1E0E       _startTimer
 0000:1EA4       _stopTimer
 0000:978B       _strcat
 0000:98AC       _strchr
 0000:9831       _strcmp
 0000:973A       _strcpy
 0000:97FF       _strlen
 0000:98FE       _strrchr
 0000:9957       _strstr
 0000:1735       _suspendTask
 0000:1388       _taskExit
 0000:101A       _taskTimer
 0000:30D7       _tidyHeap
 0000:1951       _traceTaskStack
 0000:2D05       _unlockInts
 0000:1701       _unlockTask
 099F:16FA       _vm18drv
 099F:1F86       _vm19drv
 0000:1579       _waitTask
 0000:2FA7       _walkFree
 0000:2E75       _walkHeap
 099F:3360       _width
 0000:8CFC       _write
 099F:0A04       _X11name
 099F:0A08       _X11pDrv
 099F:0A46       _X11rootWin
 0000:5BF9       _XAllocColor
 0000:5A19       _XAllocColorCells
 0000:4888       _XCloseDisplay
 0000:6A81       _XCopyArea
 0000:63D5       _XCreateGC
 0000:6A96       _XCreatePixmap
 0000:4E6C       _XCreateSimpleWindow
 0000:5016       _XDestroyWindow
 0000:64FD       _XDrawLine
 0000:6574       _XDrawLines
 0000:649B       _XDrawPoint
 0000:6710       _XDrawRectangle
 0000:6A16       _XDrawString
 0000:680A       _XFillPolygon
 0000:678D       _XFillRectangle
 0000:49B9       _XFlush
 0000:6AAE       _XFreePixmap
 0000:49C8       _XIChainDisplayEvent
 0000:5A02       _XIDefaultColormap
 0000:63BE       _XIDefaultGC
 0000:4C9B       _XIDumpAncestryChain
 0000:4DBD       _XIDumpDisplayChain
 0000:4BE8       _XIDumpOwnershipChain
 0000:57A0       _XIInstallColormap
 0000:558C       _XIQueueEvent
 0000:6E7E       _XIRectanglesOverlap
 0000:59D3       _XIRemoveColormap
 0000:6E1A       _XIRootEvent
 0000:5269       _XMapWindow
 0000:570C       _XNextEvent
 0000:475F       _XOpenDisplay
 0000:5D4F       _XParseColor
 0000:5695       _XSelectInput
 0000:56D1       _XSendEvent
 0000:6450       _XSetForeground
 0000:6475       _XSetPlaneMask
 0000:609E       _XStoreColor
 0000:61C1       _XStoreColors
 0000:49AA       _XSync
 0000:546A       _XUnmapWindow
 0000:1716       _yieldTask
 0000:0690       __acrtused
 0000:44CA       __aNldiv
 0000:4566       __aNlrem

  Address         Publics by Value

 0000:0000       _DrawObject1
 0000:00F7       _DrawObject2
 0000:01D6       _renderTask
 0000:04AC       _idleHook
 0000:0501       _runTest
 0000:060E       _mainTask
 0000:0690       __acrtused
 0000:06BA       _main
 0000:0A07       _panic
 0000:0A68       _schedule
 0000:0CD4       _startScheduler
 0000:0FA8       _exitScheduler
 0000:0FF1       _quitScheduler
 0000:101A       _taskTimer
 0000:1154       _newTask
 0000:1388       _taskExit
 0000:140E       _deleteTask
 0000:1579       _waitTask
 0000:16B6       _getTaskHandle
 0000:16CF       _lockTask
 0000:1701       _unlockTask
 0000:1716       _yieldTask
 0000:1735       _suspendTask
 0000:1771       _resumeTask
 0000:184C       _delayTask
 0000:18E8       _getTaskCount
 0000:18FD       _getLockOuts
 0000:1912       _getTaskSwitches
 0000:1927       _getIdleSwitches
 0000:193C       _getScheduleTime
 0000:1951       _traceTaskStack
 0000:19BA       _installTimer
 0000:1A69       _removeTimer
 0000:1AD7       _getTicks
 0000:1B0F       _getTimer
 0000:1B6E       _clockTick
 0000:1CFB       _newTimer
 0000:1E0E       _startTimer
 0000:1EA4       _stopTimer
 0000:1F07       _deleteTimer
 0000:2044       _setPreEmptive
 0000:209D       _enableProf
 0000:212A       _disableProf
 0000:2164       _idleTaskFun
 0000:2243       _setIdleHook
 0000:2381       _clearIdleHook
 0000:24B6       _setCPUTraps
 0000:255F       _clearCPUTraps
 0000:25E5       _setDebuggerTrap
 0000:2601       _divZero
 0000:267B       _oneStep
 0000:26F5       _nmiInt
 0000:2770       _breakPoint
 0000:27EA       _overFlow
 0000:2864       _setBIOSTraps
 0000:288E       _clearBIOSTraps
 0000:28B1       _setBreakKeyTrap
 0000:28E3       _breakKey
 0000:2952       _setDebug
 0000:299B       _formatHex
 0000:2A90       _setIRQTrap
 0000:2B65       _clearIRQTrap
 0000:2B9F       _chainIRQ
 0000:2BBE       _divZeroTrap
 0000:2BDB       _oneStepTrap
 0000:2BF8       _nmiIntTrap
 0000:2C15       _breakPointTrap
 0000:2C32       _overFlowTrap
 0000:2C4F       _breakKeyTrap
 0000:2C70       _scheduleEntry
 0000:2CAA       _beginScheduler
 0000:2CB5       TASKEXIT
 0000:2CC0       _newContext
 0000:2CFD       _enableInts
 0000:2CFF       _disableInts
 0000:2D01       _lockInts
 0000:2D05       _unlockInts
 0000:2D0F       _setVector
 0000:2D38       _outp
 0000:2D44       _outpw
 0000:2D50       _inp
 0000:2D5B       _inpw
 0000:2D64       _int86
 0000:2DF8       _setHeapStart
 0000:2E75       _walkHeap
 0000:2FA7       _walkFree
 0000:30D7       _tidyHeap
 0000:31F5       _malloc
 0000:3425       _free
 0000:354C       _calloc
 0000:35D6       _memcpy
 0000:3628       _memcmp
 0000:368B       _memset
 0000:36C0       _setjmp
 0000:36EF       _longjmp
 0000:3720       _biosCh
 0000:3730       _biosStr
 0000:374B       _biosKey
 0000:3AFD       _sprintf
 0000:3C5E       _printk
 0000:3D0E       _setPrintk
 0000:3D50       _initSemaphore
 0000:3DC2       _getSemaphore
 0000:4005       _putSemaphore
 0000:4350       _getopts
 0000:44AE       _resetopts
 0000:44CA       __aNldiv
 0000:4566       __aNlrem
 0000:4608       _InstallXWindows
 0000:470D       _RemoveXWindows
 0000:475F       _XOpenDisplay
 0000:4888       _XCloseDisplay
 0000:49AA       _XSync
 0000:49B9       _XFlush
 0000:49C8       _XIChainDisplayEvent
 0000:4BE8       _XIDumpOwnershipChain
 0000:4C9B       _XIDumpAncestryChain
 0000:4DBD       _XIDumpDisplayChain
 0000:4E6C       _XCreateSimpleWindow
 0000:5016       _XDestroyWindow
 0000:5269       _XMapWindow
 0000:546A       _XUnmapWindow
 0000:558C       _XIQueueEvent
 0000:5695       _XSelectInput
 0000:56D1       _XSendEvent
 0000:570C       _XNextEvent
 0000:57A0       _XIInstallColormap
 0000:59D3       _XIRemoveColormap
 0000:5A02       _XIDefaultColormap
 0000:5A19       _XAllocColorCells
 0000:5BF9       _XAllocColor
 0000:5D4F       _XParseColor
 0000:609E       _XStoreColor
 0000:61C1       _XStoreColors
 0000:63BE       _XIDefaultGC
 0000:63D5       _XCreateGC
 0000:6450       _XSetForeground
 0000:6475       _XSetPlaneMask
 0000:649B       _XDrawPoint
 0000:64FD       _XDrawLine
 0000:6574       _XDrawLines
 0000:6710       _XDrawRectangle
 0000:678D       _XFillRectangle
 0000:680A       _XFillPolygon
 0000:6A16       _XDrawString
 0000:6A81       _XCopyArea
 0000:6A96       _XCreatePixmap
 0000:6AAE       _XFreePixmap
 0000:6E1A       _XIRootEvent
 0000:6E7E       _XIRectanglesOverlap
 0000:8912       _setDACregister
 0000:8941       _setDACregisters
 0000:897C       _open
 0000:8B6D       _close
 0000:8C5A       _read
 0000:8CFC       _write
 0000:8D9E       _lseek
 0000:8E40       _ioctl
 0000:8EE2       _initFileSystem
 0000:903D       _removeFileSystem
 0000:9052       _newFileSystem
 0000:90FE       _deleteFileSystem
 0000:91EC       _initFatFs
 0000:921C       _newFatFs
 0000:9375       _deleteFatFs
 0000:9392       _removeFatFs
 0000:9736       _int24Trap
 0000:973A       _strcpy
 0000:978B       _strcat
 0000:97FF       _strlen
 0000:9831       _strcmp
 0000:98AC       _strchr
 0000:98FE       _strrchr
 0000:9957       _strstr
 099F:0000       _mainStackSize
 099F:0090       _psp
 099F:07D6       _debugFunPtr
 099F:07DA       _debugFlags
 099F:0A04       _X11name
 099F:0A08       _X11pDrv
 099F:0A46       _X11rootWin
 099F:16FA       _vm18drv
 099F:1F86       _vm19drv
 099F:3360       _width
 099F:3362       _height
 099F:3364       _dpy
 099F:3770       _stackEnd

Program entry point at 0000:0690
