
 Start  Stop   Length Name                   Class
 00000H 087C4H 087C5H _TEXT                  CODE
 087D0H 09F98H 017C9H _DATA                  DATA
 09FA0H 09FA0H 00000H CONST                  CONST
 09FA0H 0B20BH 0126CH _BSS                   BSS
 0B210H 0D20FH 02000H c_common               BSS
 0D210H 0D60FH 00400H STACK                  STACK

 Origin   Group
 087D:0   DGROUP

  Address         Publics by Name

 0000:2A25       TASKEXIT
 0000:2A1A       _beginScheduler
 0000:3490       _biosCh
 0000:34BB       _biosKey
 0000:34A0       _biosStr
 0000:2653       _breakKey
 0000:29BF       _breakKeyTrap
 0000:24E0       _breakPoint
 0000:2985       _breakPointTrap
 0000:32BC       _calloc
 0000:290F       _chainIRQ
 0000:25FE       _clearBIOSTraps
 0000:22CF       _clearCPUTraps
 0000:20F1       _clearIdleHook
 0000:28D5       _clearIRQTrap
 0000:18DE       _clockTick
 0000:7BF9       _close
 087D:078A       _debugFlags
 087D:0786       _debugFunPtr
 0000:15BC       _delayTask
 0000:8401       _deleteFatFs
 0000:818A       _deleteFileSystem
 0000:117E       _deleteTask
 0000:1C77       _deleteTimer
 0000:2A6F       _disableInts
 0000:1E9A       _disableProf
 0000:2371       _divZero
 0000:292E       _divZeroTrap
 0000:0000       _dumpMsgBuf
 0000:2A6D       _enableInts
 0000:1E0D       _enableProf
 0000:0D18       _exitScheduler
 0000:270B       _formatHex
 0000:3195       _free
 0000:1697       _getIdleSwitches
 0000:166D       _getLockOuts
 0000:4376       _getopts
 0000:16AC       _getScheduleTime
 0000:3DE8       _getSemaphore
 0000:1658       _getTaskCount
 0000:1426       _getTaskHandle
 0000:1682       _getTaskSwitches
 0000:1847       _getTicks
 0000:187F       _getTimer
 0000:1ED4       _idleTaskFun
 0000:8278       _initFatFs
 0000:7F6E       _initFileSystem
 0000:3D76       _initSemaphore
 0000:2AC0       _inp
 0000:2ACB       _inpw
 0000:172A       _installTimer
 0000:462E       _InstallXWindows
 0000:87C2       _int24Trap
 0000:2AD4       _int86
 0000:7ECC       _ioctl
 0000:2A71       _lockInts
 0000:143F       _lockTask
 0000:345F       _longjmp
 0000:7E2A       _lseek
 0000:042A       _main
 087D:0000       _mainStackSize
 0000:005D       _mainTask
 0000:2F65       _malloc
 0000:3398       _memcmp
 0000:3346       _memcpy
 0000:33FB       _memset
 087D:2A40       _msgBuf
 0000:2A30       _newContext
 0000:82A8       _newFatFs
 0000:80DE       _newFileSystem
 0000:0EC4       _newTask
 0000:1A6B       _newTimer
 0000:2465       _nmiInt
 0000:2968       _nmiIntTrap
 0000:23EB       _oneStep
 0000:294B       _oneStepTrap
 0000:7A08       _open
 0000:2AA8       _outp
 0000:2AB4       _outpw
 0000:255A       _overFlow
 0000:29A2       _overFlowTrap
 0000:0777       _panic
 0000:3C84       _printk
 087D:0040       _psp
 0000:402B       _putSemaphore
 0000:0D61       _quitScheduler
 0000:7CE6       _read
 0000:841E       _removeFatFs
 0000:80C9       _removeFileSystem
 0000:17D9       _removeTimer
 0000:4733       _RemoveXWindows
 0000:44D4       _resetopts
 0000:14E1       _resumeTask
 0000:07D8       _schedule
 0000:29E0       _scheduleEntry
 0000:25D4       _setBIOSTraps
 0000:2621       _setBreakKeyTrap
 0000:2226       _setCPUTraps
 0000:799E       _setDACregister
 0000:79CD       _setDACregisters
 0000:26C2       _setDebug
 0000:2355       _setDebuggerTrap
 0000:2B68       _setHeapStart
 0000:1FB3       _setIdleHook
 0000:2800       _setIRQTrap
 0000:3430       _setjmp
 0000:1DB4       _setPreEmptive
 0000:3D34       _setPrintk
 0000:2A7F       _setVector
 0000:3B23       _sprintf
 087D:4E40       _stackEnd
 0000:0A44       _startScheduler
 0000:1B7E       _startTimer
 0000:1C14       _stopTimer
 0000:352B       _strcat
 0000:364C       _strchr
 0000:35D1       _strcmp
 0000:34DA       _strcpy
 0000:359F       _strlen
 0000:369E       _strrchr
 0000:36F7       _strstr
 0000:14A5       _suspendTask
 0000:10F8       _taskExit
 0000:0D8A       _taskTimer
 0000:2E47       _tidyHeap
 0000:16C1       _traceTaskStack
 0000:2A75       _unlockInts
 0000:1471       _unlockTask
 087D:16AE       _vm19drv
 0000:12E9       _waitTask
 0000:2D17       _walkFree
 0000:2BE5       _walkHeap
 0000:7D88       _write
 087D:09B4       _X11name
 087D:09B8       _X11pDrv
 087D:09F6       _X11rootWin
 0000:5C1F       _XAllocColor
 0000:5A3F       _XAllocColorCells
 0000:48AE       _XCloseDisplay
 0000:6AA7       _XCopyArea
 0000:63FB       _XCreateGC
 0000:6ABC       _XCreatePixmap
 0000:4E92       _XCreateSimpleWindow
 0000:503C       _XDestroyWindow
 0000:6523       _XDrawLine
 0000:659A       _XDrawLines
 0000:64C1       _XDrawPoint
 0000:6736       _XDrawRectangle
 0000:6A3C       _XDrawString
 0000:6830       _XFillPolygon
 0000:67B3       _XFillRectangle
 0000:49DF       _XFlush
 0000:6AD4       _XFreePixmap
 0000:49EE       _XIChainDisplayEvent
 0000:5A28       _XIDefaultColormap
 0000:63E4       _XIDefaultGC
 0000:4CC1       _XIDumpAncestryChain
 0000:4DE3       _XIDumpDisplayChain
 0000:4C0E       _XIDumpOwnershipChain
 0000:57C6       _XIInstallColormap
 0000:55B2       _XIQueueEvent
 0000:6EA4       _XIRectanglesOverlap
 0000:59F9       _XIRemoveColormap
 0000:6E40       _XIRootEvent
 0000:528F       _XMapWindow
 0000:5732       _XNextEvent
 0000:4785       _XOpenDisplay
 0000:5D75       _XParseColor
 0000:56BB       _XSelectInput
 0000:56F7       _XSendEvent
 0000:6476       _XSetForeground
 0000:649B       _XSetPlaneMask
 0000:60C4       _XStoreColor
 0000:61E7       _XStoreColors
 0000:49D0       _XSync
 0000:5490       _XUnmapWindow
 0000:1486       _yieldTask
 0000:0400       __acrtused
 0000:44F0       __aNldiv
 0000:458C       __aNlrem

  Address         Publics by Value

 0000:0000       _dumpMsgBuf
 0000:005D       _mainTask
 0000:0400       __acrtused
 0000:042A       _main
 0000:0777       _panic
 0000:07D8       _schedule
 0000:0A44       _startScheduler
 0000:0D18       _exitScheduler
 0000:0D61       _quitScheduler
 0000:0D8A       _taskTimer
 0000:0EC4       _newTask
 0000:10F8       _taskExit
 0000:117E       _deleteTask
 0000:12E9       _waitTask
 0000:1426       _getTaskHandle
 0000:143F       _lockTask
 0000:1471       _unlockTask
 0000:1486       _yieldTask
 0000:14A5       _suspendTask
 0000:14E1       _resumeTask
 0000:15BC       _delayTask
 0000:1658       _getTaskCount
 0000:166D       _getLockOuts
 0000:1682       _getTaskSwitches
 0000:1697       _getIdleSwitches
 0000:16AC       _getScheduleTime
 0000:16C1       _traceTaskStack
 0000:172A       _installTimer
 0000:17D9       _removeTimer
 0000:1847       _getTicks
 0000:187F       _getTimer
 0000:18DE       _clockTick
 0000:1A6B       _newTimer
 0000:1B7E       _startTimer
 0000:1C14       _stopTimer
 0000:1C77       _deleteTimer
 0000:1DB4       _setPreEmptive
 0000:1E0D       _enableProf
 0000:1E9A       _disableProf
 0000:1ED4       _idleTaskFun
 0000:1FB3       _setIdleHook
 0000:20F1       _clearIdleHook
 0000:2226       _setCPUTraps
 0000:22CF       _clearCPUTraps
 0000:2355       _setDebuggerTrap
 0000:2371       _divZero
 0000:23EB       _oneStep
 0000:2465       _nmiInt
 0000:24E0       _breakPoint
 0000:255A       _overFlow
 0000:25D4       _setBIOSTraps
 0000:25FE       _clearBIOSTraps
 0000:2621       _setBreakKeyTrap
 0000:2653       _breakKey
 0000:26C2       _setDebug
 0000:270B       _formatHex
 0000:2800       _setIRQTrap
 0000:28D5       _clearIRQTrap
 0000:290F       _chainIRQ
 0000:292E       _divZeroTrap
 0000:294B       _oneStepTrap
 0000:2968       _nmiIntTrap
 0000:2985       _breakPointTrap
 0000:29A2       _overFlowTrap
 0000:29BF       _breakKeyTrap
 0000:29E0       _scheduleEntry
 0000:2A1A       _beginScheduler
 0000:2A25       TASKEXIT
 0000:2A30       _newContext
 0000:2A6D       _enableInts
 0000:2A6F       _disableInts
 0000:2A71       _lockInts
 0000:2A75       _unlockInts
 0000:2A7F       _setVector
 0000:2AA8       _outp
 0000:2AB4       _outpw
 0000:2AC0       _inp
 0000:2ACB       _inpw
 0000:2AD4       _int86
 0000:2B68       _setHeapStart
 0000:2BE5       _walkHeap
 0000:2D17       _walkFree
 0000:2E47       _tidyHeap
 0000:2F65       _malloc
 0000:3195       _free
 0000:32BC       _calloc
 0000:3346       _memcpy
 0000:3398       _memcmp
 0000:33FB       _memset
 0000:3430       _setjmp
 0000:345F       _longjmp
 0000:3490       _biosCh
 0000:34A0       _biosStr
 0000:34BB       _biosKey
 0000:34DA       _strcpy
 0000:352B       _strcat
 0000:359F       _strlen
 0000:35D1       _strcmp
 0000:364C       _strchr
 0000:369E       _strrchr
 0000:36F7       _strstr
 0000:3B23       _sprintf
 0000:3C84       _printk
 0000:3D34       _setPrintk
 0000:3D76       _initSemaphore
 0000:3DE8       _getSemaphore
 0000:402B       _putSemaphore
 0000:4376       _getopts
 0000:44D4       _resetopts
 0000:44F0       __aNldiv
 0000:458C       __aNlrem
 0000:462E       _InstallXWindows
 0000:4733       _RemoveXWindows
 0000:4785       _XOpenDisplay
 0000:48AE       _XCloseDisplay
 0000:49D0       _XSync
 0000:49DF       _XFlush
 0000:49EE       _XIChainDisplayEvent
 0000:4C0E       _XIDumpOwnershipChain
 0000:4CC1       _XIDumpAncestryChain
 0000:4DE3       _XIDumpDisplayChain
 0000:4E92       _XCreateSimpleWindow
 0000:503C       _XDestroyWindow
 0000:528F       _XMapWindow
 0000:5490       _XUnmapWindow
 0000:55B2       _XIQueueEvent
 0000:56BB       _XSelectInput
 0000:56F7       _XSendEvent
 0000:5732       _XNextEvent
 0000:57C6       _XIInstallColormap
 0000:59F9       _XIRemoveColormap
 0000:5A28       _XIDefaultColormap
 0000:5A3F       _XAllocColorCells
 0000:5C1F       _XAllocColor
 0000:5D75       _XParseColor
 0000:60C4       _XStoreColor
 0000:61E7       _XStoreColors
 0000:63E4       _XIDefaultGC
 0000:63FB       _XCreateGC
 0000:6476       _XSetForeground
 0000:649B       _XSetPlaneMask
 0000:64C1       _XDrawPoint
 0000:6523       _XDrawLine
 0000:659A       _XDrawLines
 0000:6736       _XDrawRectangle
 0000:67B3       _XFillRectangle
 0000:6830       _XFillPolygon
 0000:6A3C       _XDrawString
 0000:6AA7       _XCopyArea
 0000:6ABC       _XCreatePixmap
 0000:6AD4       _XFreePixmap
 0000:6E40       _XIRootEvent
 0000:6EA4       _XIRectanglesOverlap
 0000:799E       _setDACregister
 0000:79CD       _setDACregisters
 0000:7A08       _open
 0000:7BF9       _close
 0000:7CE6       _read
 0000:7D88       _write
 0000:7E2A       _lseek
 0000:7ECC       _ioctl
 0000:7F6E       _initFileSystem
 0000:80C9       _removeFileSystem
 0000:80DE       _newFileSystem
 0000:818A       _deleteFileSystem
 0000:8278       _initFatFs
 0000:82A8       _newFatFs
 0000:8401       _deleteFatFs
 0000:841E       _removeFatFs
 0000:87C2       _int24Trap
 087D:0000       _mainStackSize
 087D:0040       _psp
 087D:0786       _debugFunPtr
 087D:078A       _debugFlags
 087D:09B4       _X11name
 087D:09B8       _X11pDrv
 087D:09F6       _X11rootWin
 087D:16AE       _vm19drv
 087D:2A40       _msgBuf
 087D:4E40       _stackEnd

Program entry point at 0000:0400
